../Core/Src/main.c:106:5:main	16	static
../Core/Src/main.c:195:6:SystemClock_Config	88	static
../Core/Src/main.c:243:13:MX_I2C1_Init	8	static
../Core/Src/main.c:277:13:MX_TIM2_Init	64	static
../Core/Src/main.c:337:13:MX_TIM3_Init	64	static
../Core/Src/main.c:396:13:MX_USART2_UART_Init	8	static
../Core/Src/main.c:427:13:MX_DMA_Init	16	static
../Core/Src/main.c:448:13:MX_GPIO_Init	48	static
../Core/Src/main.c:483:6:Process_UART_Commands	80	static
../Core/Src/main.c:516:6:Handle_Command	48	static
../Core/Src/main.c:563:6:Check_Watchdog	16	static
../Core/Src/main.c:579:6:Run_Control_Loop	24	static
../Core/Src/main.c:596:6:Send_Telemetry_Angles	216	static
../Core/Src/main.c:611:6:Send_Telemetry_Full	288	static
../Core/Src/main.c:665:6:Send_ACK	208	static
../Core/Src/main.c:674:6:Send_Error_Telemetry	208	static
../Core/Src/main.c:688:6:Error_Handler	4	static,ignoring_inline_asm
