Archive member included to satisfy reference by file (symbol)

C:/ST/STM32CubeIDE_2.0.0/STM32CubeIDE/plugins/com.st.stm32cube.ide.mcu.externaltools.gnu-tools-for-stm32.13.3.rel1.win32_1.0.100.202509120712/tools/bin/../lib/gcc/arm-none-eabi/13.3.1/../../../../arm-none-eabi/lib/thumb/v7e-m+fp/hard\libc_nano.a(libc_a-exit.o)
                              C:/ST/STM32CubeIDE_2.0.0/STM32CubeIDE/plugins/com.st.stm32cube.ide.mcu.externaltools.gnu-tools-for-stm32.13.3.rel1.win32_1.0.100.202509120712/tools/bin/../lib/gcc/arm-none-eabi/13.3.1/../../../../arm-none-eabi/lib/thumb/v7e-m+fp/hard/crt0.o (exit)
C:/ST/STM32CubeIDE_2.0.0/STM32CubeIDE/plugins/com.st.stm32cube.ide.mcu.externaltools.gnu-tools-for-stm32.13.3.rel1.win32_1.0.100.202509120712/tools/bin/../lib/gcc/arm-none-eabi/13.3.1/../../../../arm-none-eabi/lib/thumb/v7e-m+fp/hard\libc_nano.a(libc_a-findfp.o)
                              C:/ST/STM32CubeIDE_2.0.0/STM32CubeIDE/plugins/com.st.stm32cube.ide.mcu.externaltools.gnu-tools-for-stm32.13.3.rel1.win32_1.0.100.202509120712/tools/bin/../lib/gcc/arm-none-eabi/13.3.1/../../../../arm-none-eabi/lib/thumb/v7e-m+fp/hard\libc_nano.a(libc_a-exit.o) (__stdio_exit_handler)
C:/ST/STM32CubeIDE_2.0.0/STM32CubeIDE/plugins/com.st.stm32cube.ide.mcu.externaltools.gnu-tools-for-stm32.13.3.rel1.win32_1.0.100.202509120712/tools/bin/../lib/gcc/arm-none-eabi/13.3.1/../../../../arm-none-eabi/lib/thumb/v7e-m+fp/hard\libc_nano.a(libc_a-fwalk.o)
                              C:/ST/STM32CubeIDE_2.0.0/STM32CubeIDE/plugins/com.st.stm32cube.ide.mcu.externaltools.gnu-tools-for-stm32.13.3.rel1.win32_1.0.100.202509120712/tools/bin/../lib/gcc/arm-none-eabi/13.3.1/../../../../arm-none-eabi/lib/thumb/v7e-m+fp/hard\libc_nano.a(libc_a-findfp.o) (_fwalk_sglue)
C:/ST/STM32CubeIDE_2.0.0/STM32CubeIDE/plugins/com.st.stm32cube.ide.mcu.externaltools.gnu-tools-for-stm32.13.3.rel1.win32_1.0.100.202509120712/tools/bin/../lib/gcc/arm-none-eabi/13.3.1/../../../../arm-none-eabi/lib/thumb/v7e-m+fp/hard\libc_nano.a(libc_a-stdio.o)
                              C:/ST/STM32CubeIDE_2.0.0/STM32CubeIDE/plugins/com.st.stm32cube.ide.mcu.externaltools.gnu-tools-for-stm32.13.3.rel1.win32_1.0.100.202509120712/tools/bin/../lib/gcc/arm-none-eabi/13.3.1/../../../../arm-none-eabi/lib/thumb/v7e-m+fp/hard\libc_nano.a(libc_a-findfp.o) (__sread)
C:/ST/STM32CubeIDE_2.0.0/STM32CubeIDE/plugins/com.st.stm32cube.ide.mcu.externaltools.gnu-tools-for-stm32.13.3.rel1.win32_1.0.100.202509120712/tools/bin/../lib/gcc/arm-none-eabi/13.3.1/../../../../arm-none-eabi/lib/thumb/v7e-m+fp/hard\libc_nano.a(libc_a-memset.o)
                              C:/ST/STM32CubeIDE_2.0.0/STM32CubeIDE/plugins/com.st.stm32cube.ide.mcu.externaltools.gnu-tools-for-stm32.13.3.rel1.win32_1.0.100.202509120712/tools/bin/../lib/gcc/arm-none-eabi/13.3.1/../../../../arm-none-eabi/lib/thumb/v7e-m+fp/hard/crt0.o (memset)
C:/ST/STM32CubeIDE_2.0.0/STM32CubeIDE/plugins/com.st.stm32cube.ide.mcu.externaltools.gnu-tools-for-stm32.13.3.rel1.win32_1.0.100.202509120712/tools/bin/../lib/gcc/arm-none-eabi/13.3.1/../../../../arm-none-eabi/lib/thumb/v7e-m+fp/hard\libc_nano.a(libc_a-closer.o)
                              C:/ST/STM32CubeIDE_2.0.0/STM32CubeIDE/plugins/com.st.stm32cube.ide.mcu.externaltools.gnu-tools-for-stm32.13.3.rel1.win32_1.0.100.202509120712/tools/bin/../lib/gcc/arm-none-eabi/13.3.1/../../../../arm-none-eabi/lib/thumb/v7e-m+fp/hard\libc_nano.a(libc_a-stdio.o) (_close_r)
C:/ST/STM32CubeIDE_2.0.0/STM32CubeIDE/plugins/com.st.stm32cube.ide.mcu.externaltools.gnu-tools-for-stm32.13.3.rel1.win32_1.0.100.202509120712/tools/bin/../lib/gcc/arm-none-eabi/13.3.1/../../../../arm-none-eabi/lib/thumb/v7e-m+fp/hard\libc_nano.a(libc_a-reent.o)
                              C:/ST/STM32CubeIDE_2.0.0/STM32CubeIDE/plugins/com.st.stm32cube.ide.mcu.externaltools.gnu-tools-for-stm32.13.3.rel1.win32_1.0.100.202509120712/tools/bin/../lib/gcc/arm-none-eabi/13.3.1/../../../../arm-none-eabi/lib/thumb/v7e-m+fp/hard\libc_nano.a(libc_a-closer.o) (errno)
C:/ST/STM32CubeIDE_2.0.0/STM32CubeIDE/plugins/com.st.stm32cube.ide.mcu.externaltools.gnu-tools-for-stm32.13.3.rel1.win32_1.0.100.202509120712/tools/bin/../lib/gcc/arm-none-eabi/13.3.1/../../../../arm-none-eabi/lib/thumb/v7e-m+fp/hard\libc_nano.a(libc_a-impure.o)
                              C:/ST/STM32CubeIDE_2.0.0/STM32CubeIDE/plugins/com.st.stm32cube.ide.mcu.externaltools.gnu-tools-for-stm32.13.3.rel1.win32_1.0.100.202509120712/tools/bin/../lib/gcc/arm-none-eabi/13.3.1/../../../../arm-none-eabi/lib/thumb/v7e-m+fp/hard\libc_nano.a(libc_a-reent.o) (_impure_ptr)
C:/ST/STM32CubeIDE_2.0.0/STM32CubeIDE/plugins/com.st.stm32cube.ide.mcu.externaltools.gnu-tools-for-stm32.13.3.rel1.win32_1.0.100.202509120712/tools/bin/../lib/gcc/arm-none-eabi/13.3.1/../../../../arm-none-eabi/lib/thumb/v7e-m+fp/hard\libc_nano.a(libc_a-lseekr.o)
[...]
Memory Configuration

Name             Origin             Length             Attributes
RAM              0x20000000         0x00020000         xrw
FLASH            0x08000000         0x00080000         xr
*default*        0x00000000         0xffffffff

Linker script and memory map

LOAD C:/ST/STM32CubeIDE_2.0.0/STM32CubeIDE/plugins/com.st.stm32cube.ide.mcu.externaltools.gnu-tools-for-stm32.13.3.rel1.win32_1.0.100.202509120712/tools/bin/../lib/gcc/arm-none-eabi/13.3.1/thumb/v7e-m+fp/hard/crti.o
LOAD C:/ST/STM32CubeIDE_2.0.0/STM32CubeIDE/plugins/com.st.stm32cube.ide.mcu.externaltools.gnu-tools-for-stm32.13.3.rel1.win32_1.0.100.202509120712/tools/bin/../lib/gcc/arm-none-eabi/13.3.1/thumb/v7e-m+fp/hard/crtbegin.o
LOAD C:/ST/STM32CubeIDE_2.0.0/STM32CubeIDE/plugins/com.st.stm32cube.ide.mcu.externaltools.gnu-tools-for-stm32.13.3.rel1.win32_1.0.100.202509120712/tools/bin/../lib/gcc/arm-none-eabi/13.3.1/../../../../arm-none-eabi/lib/thumb/v7e-m+fp/hard/crt0.o
LOAD ./Core/Src/imu_driver.o
LOAD ./Core/Src/main.o
LOAD ./Core/Src/pid_controller.o
LOAD ./Core/Src/protocol.o
LOAD ./Core/Src/sensor_fusion.o
LOAD ./Core/Src/servo_control.o
LOAD ./Core/Src/stm32f4xx_hal_msp.o
LOAD ./Core/Src/stm32f4xx_it.o
LOAD ./Core/Src/syscalls.o
LOAD ./Core/Src/sysmem.o
LOAD ./Core/Src/system_stm32f4xx.o
LOAD ./Core/Src/uart_handler.o
LOAD ./Core/Startup/startup_stm32f446retx.o
LOAD ./Drivers/STM32F4xx_HAL_Driver/Src/stm32f4xx_hal.o
LOAD ./Drivers/STM32F4xx_HAL_Driver/Src/stm32f4xx_hal_cortex.o
LOAD ./Drivers/STM32F4xx_HAL_Driver/Src/stm32f4xx_hal_dma.o
LOAD ./Drivers/STM32F4xx_HAL_Driver/Src/stm32f4xx_hal_dma_ex.o
LOAD ./Drivers/STM32F4xx_HAL_Driver/Src/stm32f4xx_hal_exti.o
LOAD ./Drivers/STM32F4xx_HAL_Driver/Src/stm32f4xx_hal_flash.o
LOAD ./Drivers/STM32F4xx_HAL_Driver/Src/stm32f4xx_hal_flash_ex.o
LOAD ./Drivers/STM32F4xx_HAL_Driver/Src/stm32f4xx_hal_flash_ramfunc.o
LOAD ./Drivers/STM32F4xx_HAL_Driver/Src/stm32f4xx_hal_gpio.o
LOAD ./Drivers/STM32F4xx_HAL_Driver/Src/stm32f4xx_hal_i2c.o
LOAD ./Drivers/STM32F4xx_HAL_Driver/Src/stm32f4xx_hal_i2c_ex.o
LOAD ./Drivers/STM32F4xx_HAL_Driver/Src/stm32f4xx_hal_pwr.o
LOAD ./Drivers/STM32F4xx_HAL_Driver/Src/stm32f4xx_hal_pwr_ex.o
LOAD ./Drivers/STM32F4xx_HAL_Driver/Src/stm32f4xx_hal_rcc.o
LOAD ./Drivers/STM32F4xx_HAL_Driver/Src/stm32f4xx_hal_rcc_ex.o
LOAD ./Drivers/STM32F4xx_HAL_Driver/Src/stm32f4xx_hal_tim.o
LOAD ./Drivers/STM32F4xx_HAL_Driver/Src/stm32f4xx_hal_tim_ex.o
LOAD ./Drivers/STM32F4xx_HAL_Driver/Src/stm32f4xx_hal_uart.o
START GROUP
LOAD C:/ST/STM32CubeIDE_2.0.0/STM32CubeIDE/plugins/com.st.stm32cube.ide.mcu.externaltools.gnu-tools-for-stm32.13.3.rel1.win32_1.0.100.202509120712/tools/bin/../lib/gcc/arm-none-eabi/13.3.1/../../../../arm-none-eabi/lib/thumb/v7e-m+fp/hard\libc_nano.a
LOAD C:/ST/STM32CubeIDE_2.0.0/STM32CubeIDE/plugins/com.st.stm32cube.ide.mcu.externaltools.gnu-tools-for-stm32.13.3.rel1.win32_1.0.100.202509120712/tools/bin/../lib/gcc/arm-none-eabi/13.3.1/../../../../arm-none-eabi/lib/thumb/v7e-m+fp/hard\libm.a
END GROUP
START GROUP
LOAD C:/ST/STM32CubeIDE_2.0.0/STM32CubeIDE/plugins/com.st.stm32cube.ide.mcu.externaltools.gnu-tools-for-stm32.13.3.rel1.win32_1.0.100.202509120712/tools/bin/../lib/gcc/arm-none-eabi/13.3.1/thumb/v7e-m+fp/hard\libgcc.a
LOAD C:/ST/STM32CubeIDE_2.0.0/STM32CubeIDE/plugins/com.st.stm32cube.ide.mcu.externaltools.gnu-tools-for-stm32.13.3.rel1.win32_1.0.100.202509120712/tools/bin/../lib/gcc/arm-none-eabi/13.3.1/../../../../arm-none-eabi/lib/thumb/v7e-m+fp/hard\libc_nano.a
END GROUP
START GROUP
LOAD C:/ST/STM32CubeIDE_2.0.0/STM32CubeIDE/plugins/com.st.stm32cube.ide.mcu.externaltools.gnu-tools-for-stm32.13.3.rel1.win32_1.0.100.202509120712/tools/bin/../lib/gcc/arm-none-eabi/13.3.1/thumb/v7e-m+fp/hard\libgcc.a
LOAD C:/ST/STM32CubeIDE_2.0.0/STM32CubeIDE/plugins/com.st.stm32cube.ide.mcu.externaltools.gnu-tools-for-stm32.13.3.rel1.win32_1.0.100.202509120712/tools/bin/../lib/gcc/arm-none-eabi/13.3.1/../../../../arm-none-eabi/lib/thumb/v7e-m+fp/hard\libc_nano.a
LOAD C:/ST/STM32CubeIDE_2.0.0/STM32CubeIDE/plugins/com.st.stm32cube.ide.mcu.externaltools.gnu-tools-for-stm32.13.3.rel1.win32_1.0.100.202509120712/tools/bin/../lib/gcc/arm-none-eabi/13.3.1/../../../../arm-none-eabi/lib/thumb/v7e-m+fp/hard\libnosys.a
END GROUP
START GROUP
LOAD C:/ST/STM32CubeIDE_2.0.0/STM32CubeIDE/plugins/com.st.stm32cube.ide.mcu.externaltools.gnu-tools-for-stm32.13.3.rel1.win32_1.0.100.202509120712/tools/bin/../lib/gcc/arm-none-eabi/13.3.1/thumb/v7e-m+fp/hard\libgcc.a
LOAD C:/ST/STM32CubeIDE_2.0.0/STM32CubeIDE/plugins/com.st.stm32cube.ide.mcu.externaltools.gnu-tools-for-stm32.13.3.rel1.win32_1.0.100.202509120712/tools/bin/../lib/gcc/arm-none-eabi/13.3.1/../../../../arm-none-eabi/lib/thumb/v7e-m+fp/hard\libc_nano.a
LOAD C:/ST/STM32CubeIDE_2.0.0/STM32CubeIDE/plugins/com.st.stm32cube.ide.mcu.externaltools.gnu-tools-for-stm32.13.3.rel1.win32_1.0.100.202509120712/tools/bin/../lib/gcc/arm-none-eabi/13.3.1/../../../../arm-none-eabi/lib/thumb/v7e-m+fp/hard\libnosys.a
END GROUP
LOAD C:/ST/STM32CubeIDE_2.0.0/STM32CubeIDE/plugins/com.st.stm32cube.ide.mcu.externaltools.gnu-tools-for-stm32.13.3.rel1.win32_1.0.100.202509120712/tools/bin/../lib/gcc/arm-none-eabi/13.3.1/thumb/v7e-m+fp/hard/crtend.o
LOAD C:/ST/STM32CubeIDE_2.0.0/STM32CubeIDE/plugins/com.st.stm32cube.ide.mcu.externaltools.gnu-tools-for-stm32.13.3.rel1.win32_1.0.100.202509120712/tools/bin/../lib/gcc/arm-none-eabi/13.3.1/thumb/v7e-m+fp/hard/crtn.o
                0x20020000                        _estack = (ORIGIN (RAM) + LENGTH (RAM))
                0x00000200                        _Min_Heap_Size = 0x200
                0x00000400                        _Min_Stack_Size = 0x400

.isr_vector     0x08000000      0x1c4
                0x08000000                        . = ALIGN (0x4)
 *(.isr_vector)
 .isr_vector    0x08000000      0x1c4 ./Core/Startup/startup_stm32f446retx.o
                0x08000000                g_pfnVectors
                0x080001c4                        . = ALIGN (0x4)

.text           0x080001c8     0x6c08
                0x080001c8                        . = ALIGN (0x4)
 *(.text)
 .text          0x080001c8       0x40 C:/ST/STM32CubeIDE_2.0.0/STM32CubeIDE/plugins/com.st.stm32cube.ide.mcu.externaltools.gnu-tools-for-stm32.13.3.rel1.win32_1.0.100.202509120712/tools/bin/../lib/gcc/arm-none-eabi/13.3.1/thumb/v7e-m+fp/hard/crtbegin.o
 .text          0x08000208      0x378 C:/ST/STM32CubeIDE_2.0.0/STM32CubeIDE/plugins/com.st.stm32cube.ide.mcu.externaltools.gnu-tools-for-stm32.13.3.rel1.win32_1.0.100.202509120712/tools/bin/../lib/gcc/arm-none-eabi/13.3.1/thumb/v7e-m+fp/hard\libgcc.a(_arm_addsubdf3.o)
                0x08000208                __aeabi_drsub
                0x08000210                __aeabi_dsub
                0x08000210                __subdf3
                0x08000214                __aeabi_dadd
                0x08000214                __adddf3
                0x0800048c                __floatunsidf
                0x0800048c                __aeabi_ui2d
                0x080004ac                __floatsidf
                0x080004ac                __aeabi_i2d
                0x080004d0                __aeabi_f2d
                0x080004d0                __extendsfdf2
                0x08000514                __floatundidf
                0x08000514                __aeabi_ul2d
                0x08000524                __floatdidf
                0x08000524                __aeabi_l2d
 .text          0x08000580      0x424 C:/ST/STM32CubeIDE_2.0.0/STM32CubeIDE/plugins/com.st.stm32cube.ide.mcu.externaltools.gnu-tools-for-stm32.13.3.rel1.win32_1.0.100.202509120712/tools/bin/../lib/gcc/arm-none-eabi/13.3.1/thumb/v7e-m+fp/hard\libgcc.a(_arm_muldivdf3.o)
                0x08000580                __aeabi_dmul
                0x08000580                __muldf3
                0x080007d4                __divdf3
                0x080007d4                __aeabi_ddiv
 .text          0x080009a4       0xa0 C:/ST/STM32CubeIDE_2.0.0/STM32CubeIDE/plugins/com.st.stm32cube.ide.mcu.externaltools.gnu-tools-for-stm32.13.3.rel1.win32_1.0.100.202509120712/tools/bin/../lib/gcc/arm-none-eabi/13.3.1/thumb/v7e-m+fp/hard\libgcc.a(_arm_truncdfsf2.o)
                0x080009a4                __truncdfsf2
                0x080009a4                __aeabi_d2f
 .text          0x08000a44       0x30 C:/ST/STM32CubeIDE_2.0.0/STM32CubeIDE/plugins/com.st.stm32cube.ide.mcu.externaltools.gnu-tools-for-stm32.13.3.rel1.win32_1.0.100.202509120712/tools/bin/../lib/gcc/arm-none-eabi/13.3.1/thumb/v7e-m+fp/hard\libgcc.a(_aeabi_uldivmod.o)
                0x08000a44                __aeabi_uldivmod
 .text          0x08000a74      0x2f8 C:/ST/STM32CubeIDE_2.0.0/STM32CubeIDE/plugins/com.st.stm32cube.ide.mcu.externaltools.gnu-tools-for-stm32.13.3.rel1.win32_1.0.100.202509120712/tools/bin/../lib/gcc/arm-none-eabi/13.3.1/thumb/v7e-m+fp/hard\libgcc.a(_udivmoddi4.o)
                0x08000a74                __udivmoddi4
 .text          0x08000d6c        0x4 C:/ST/STM32CubeIDE_2.0.0/STM32CubeIDE/plugins/com.st.stm32cube.ide.mcu.externaltools.gnu-tools-for-stm32.13.3.rel1.win32_1.0.100.202509120712/tools/bin/../lib/gcc/arm-none-eabi/13.3.1/thumb/v7e-m+fp/hard\libgcc.a(_dvmd_tls.o)
                0x08000d6c                __aeabi_idiv0
                0x08000d6c                __aeabi_ldiv0
 *(.text*)
 .text.IMU_Init
                0x08000d70       0x60 ./Core/Src/imu_driver.o
                0x08000d70                IMU_Init
 .text.IMU_WhoAmI
                0x08000dd0       0x3a ./Core/Src/imu_driver.o
                0x08000dd0                IMU_WhoAmI
 .text.IMU_ReadData
                0x08000e0a       0xb4 ./Core/Src/imu_driver.o
                0x08000e0a                IMU_ReadData
 *fill*         0x08000ebe        0x2 
 .text.main     0x08000ec0      0x150 ./Core/Src/main.o
                0x08000ec0                main
 .text.SystemClock_Config
                0x08001010       0xdc ./Core/Src/main.o
                0x08001010                SystemClock_Config
 .text.MX_I2C1_Init
                0x080010ec       0x5c ./Core/Src/main.o
 .text.MX_TIM2_Init
                0x08001148      0x104 ./Core/Src/main.o
 .text.MX_TIM3_Init
                0x0800124c       0xf0 ./Core/Src/main.o
 .text.MX_USART2_UART_Init
                0x0800133c       0x54 ./Core/Src/main.o
 .text.MX_DMA_Init
                0x08001390       0x50 ./Core/Src/main.o
 .text.MX_GPIO_Init
                0x080013e0       0xdc ./Core/Src/main.o
 .text.Process_UART_Commands
                0x080014bc       0xc4 ./Core/Src/main.o
                0x080014bc                Process_UART_Commands
 .text.Handle_Command
                0x08001580      0x140 ./Core/Src/main.o
                0x08001580                Handle_Command
 .text.Check_Watchdog
                0x080016c0       0x70 ./Core/Src/main.o
                0x080016c0                Check_Watchdog
 .text.Send_Telemetry_Full
                0x08001730      0x210 ./Core/Src/main.o
                0x08001730                Send_Telemetry_Full
 .text.Send_ACK
                0x08001940       0x40 ./Core/Src/main.o
                0x08001940                Send_ACK
 .text.Send_Error_Telemetry
                0x08001980       0x40 ./Core/Src/main.o
                0x08001980                Send_Error_Telemetry
 .text.Error_Handler
                0x080019c0        0xc ./Core/Src/main.o
                0x080019c0                Error_Handler
 .text.PID_Init
                0x080019cc       0x68 ./Core/Src/pid_controller.o
                0x080019cc                PID_Init
 .text.PID_SetGains
                0x08001a34       0x32 ./Core/Src/pid_controller.o
                0x08001a34                PID_SetGains
 .text.PID_SetSetpoint
                0x08001a66       0x1e ./Core/Src/pid_controller.o
                0x08001a66                PID_SetSetpoint
 .text.Protocol_CRC8
                0x08001a84       0x72 ./Core/Src/protocol.o
                0x08001a84                Protocol_CRC8
 .text.Protocol_DecodePacket
                0x08001af6       0xa6 ./Core/Src/protocol.o
                0x08001af6                Protocol_DecodePacket
 .text.Protocol_EncodePacket
                0x08001b9c       0x82 ./Core/Src/protocol.o
                0x08001b9c                Protocol_EncodePacket
 .text.SensorFusion_Init
                0x08001c1e       0x3e ./Core/Src/sensor_fusion.o
                0x08001c1e                SensorFusion_Init
 *fill*         0x08001c5c        0x4 
 .text.SensorFusion_Update
                0x08001c60      0x1e0 ./Core/Src/sensor_fusion.o
                0x08001c60                SensorFusion_Update
 .text.SensorFusion_GetRoll
                0x08001e40       0x1e ./Core/Src/sensor_fusion.o
                0x08001e40                SensorFusion_GetRoll
 .text.SensorFusion_GetPitch
                0x08001e5e       0x1e ./Core/Src/sensor_fusion.o
                0x08001e5e                SensorFusion_GetPitch
 *fill*         0x08001e7c        0x4 
 .text.angle_to_pwm
                0x08001e80       0xc8 ./Core/Src/servo_control.o
 .text.Servo_Init
                0x08001f48       0x64 ./Core/Src/servo_control.o
                0x08001f48                Servo_Init
 .text.Servo_SetPulseRange
                0x08001fac       0x3e ./Core/Src/servo_control.o
                0x08001fac                Servo_SetPulseRange
 .text.Servo_SetAngle
                0x08001fea       0xa2 ./Core/Src/servo_control.o
                0x08001fea                Servo_SetAngle
 .text.HAL_MspInit
                0x0800208c       0x50 ./Core/Src/stm32f4xx_hal_msp.o
                0x0800208c                HAL_MspInit
 .text.HAL_I2C_MspInit
                0x080020dc       0x90 ./Core/Src/stm32f4xx_hal_msp.o
                0x080020dc                HAL_I2C_MspInit
 .text.HAL_TIM_Base_MspInit
                0x0800216c       0x6c ./Core/Src/stm32f4xx_hal_msp.o
                0x0800216c                HAL_TIM_Base_MspInit
 .text.HAL_TIM_MspPostInit
                0x080021d8       0x70 ./Core/Src/stm32f4xx_hal_msp.o
                0x080021d8                HAL_TIM_MspPostInit
 .text.HAL_UART_MspInit
                0x08002248      0x15c ./Core/Src/stm32f4xx_hal_msp.o
                0x08002248                HAL_UART_MspInit
 .text.NMI_Handler
                0x080023a4        0x8 ./Core/Src/stm32f4xx_it.o
                0x080023a4                NMI_Handler
 .text.HardFault_Handler
                0x080023ac        0x8 ./Core/Src/stm32f4xx_it.o
                0x080023ac                HardFault_Handler
 .text.MemManage_Handler
                0x080023b4        0x8 ./Core/Src/stm32f4xx_it.o
                0x080023b4                MemManage_Handler
 .text.BusFault_Handler
                0x080023bc        0x8 ./Core/Src/stm32f4xx_it.o
                0x080023bc                BusFault_Handler
 .text.UsageFault_Handler
                0x080023c4        0x8 ./Core/Src/stm32f4xx_it.o
                0x080023c4                UsageFault_Handler
 .text.SVC_Handler
                0x080023cc        0xe ./Core/Src/stm32f4xx_it.o
                0x080023cc                SVC_Handler
 .text.DebugMon_Handler
                0x080023da        0xe ./Core/Src/stm32f4xx_it.o
                0x080023da                DebugMon_Handler
 .text.PendSV_Handler
                0x080023e8        0xe ./Core/Src/stm32f4xx_it.o
                0x080023e8                PendSV_Handler
 *fill*         0x080023f6        0x2 
 .text.SysTick_Handler
                0x080023f8       0x34 ./Core/Src/stm32f4xx_it.o
                0x080023f8                SysTick_Handler
 .text.DMA1_Stream5_IRQHandler
                0x0800242c       0x14 ./Core/Src/stm32f4xx_it.o
                0x0800242c                DMA1_Stream5_IRQHandler
 .text.DMA1_Stream6_IRQHandler
                0x08002440       0x14 ./Core/Src/stm32f4xx_it.o
                0x08002440                DMA1_Stream6_IRQHandler
 .text.HAL_UART_RxCpltCallback
                0x08002454       0x28 ./Core/Src/stm32f4xx_it.o
                0x08002454                HAL_UART_RxCpltCallback
 .text.SystemInit
                0x0800247c       0x24 ./Core/Src/system_stm32f4xx.o
                0x0800247c                SystemInit
 .text.UART_Init
                0x080024a0       0x50 ./Core/Src/uart_handler.o
                0x080024a0                UART_Init
 .text.UART_BytesAvailable
                0x080024f0       0x46 ./Core/Src/uart_handler.o
                0x080024f0                UART_BytesAvailable
 .text.UART_ReadByte
                0x08002536       0x44 ./Core/Src/uart_handler.o
                0x08002536                UART_ReadByte
 .text.UART_SendPacket
                0x0800257a       0x3e ./Core/Src/uart_handler.o
                0x0800257a                UART_SendPacket
 .text.UART_RxCallback
                0x080025b8       0x14 ./Core/Src/uart_handler.o
                0x080025b8                UART_RxCallback
 .text.Reset_Handler
                0x080025cc       0x50 ./Core/Startup/startup_stm32f446retx.o
                0x080025cc                Reset_Handler
 .text.Default_Handler
                0x0800261c        0x2 ./Core/Startup/startup_stm32f446retx.o
                0x0800261c                RTC_Alarm_IRQHandler
                0x0800261c                EXTI2_IRQHandler
                0x0800261c                TIM8_CC_IRQHandler
                0x0800261c                FMPI2C1_EV_IRQHandler
                0x0800261c                SPI4_IRQHandler
                0x0800261c                TIM1_CC_IRQHandler
                0x0800261c                DMA2_Stream5_IRQHandler
                0x0800261c                PVD_IRQHandler
                0x0800261c                SDIO_IRQHandler
                0x0800261c                TAMP_STAMP_IRQHandler
                0x0800261c                CAN2_RX1_IRQHandler
                0x0800261c                EXTI3_IRQHandler
                0x0800261c                TIM8_TRG_COM_TIM14_IRQHandler
                0x0800261c                TIM1_UP_TIM10_IRQHandler
                0x0800261c                TIM8_UP_TIM13_IRQHandler
                0x0800261c                I2C3_ER_IRQHandler
                0x0800261c                EXTI0_IRQHandler
                0x0800261c                I2C2_EV_IRQHandler
                0x0800261c                DMA1_Stream2_IRQHandler
                0x0800261c                CAN1_RX0_IRQHandler
                0x0800261c                FPU_IRQHandler
                0x0800261c                OTG_HS_WKUP_IRQHandler
                0x0800261c                CAN2_SCE_IRQHandler
                0x0800261c                DMA2_Stream2_IRQHandler
                0x0800261c                SPI1_IRQHandler
                0x0800261c                TIM6_DAC_IRQHandler
                0x0800261c                TIM1_BRK_TIM9_IRQHandler
                0x0800261c                DCMI_IRQHandler
                0x0800261c                CAN2_RX0_IRQHandler
                0x0800261c                DMA2_Stream3_IRQHandler
                0x0800261c                SAI2_IRQHandler
                0x0800261c                USART6_IRQHandler
                0x0800261c                USART3_IRQHandler
                0x0800261c                CAN1_RX1_IRQHandler
                0x0800261c                UART5_IRQHandler
                0x0800261c                DMA2_Stream0_IRQHandler
                0x0800261c                TIM4_IRQHandler
                0x0800261c                QUADSPI_IRQHandler
                0x0800261c                I2C1_EV_IRQHandler
                0x0800261c                DMA1_Stream1_IRQHandler
                0x0800261c                UART4_IRQHandler
                0x0800261c                TIM3_IRQHandler
                0x0800261c                RCC_IRQHandler
                0x0800261c                TIM8_BRK_TIM12_IRQHandler
                0x0800261c                Default_Handler
                0x0800261c                CEC_IRQHandler
                0x0800261c                EXTI15_10_IRQHandler
                0x0800261c                ADC_IRQHandler
                0x0800261c                DMA1_Stream7_IRQHandler
                0x0800261c                TIM7_IRQHandler
                0x0800261c                CAN2_TX_IRQHandler
                0x0800261c                TIM5_IRQHandler
                0x0800261c                DMA2_Stream7_IRQHandler
                0x0800261c                I2C3_EV_IRQHandler
                0x0800261c                EXTI9_5_IRQHandler
                0x0800261c                RTC_WKUP_IRQHandler
                0x0800261c                SPDIF_RX_IRQHandler
                0x0800261c                SPI2_IRQHandler
                0x0800261c                OTG_HS_EP1_IN_IRQHandler
                0x0800261c                DMA1_Stream0_IRQHandler
                0x0800261c                CAN1_TX_IRQHandler
                0x0800261c                FMPI2C1_ER_IRQHandler
                0x0800261c                EXTI4_IRQHandler
                0x0800261c                OTG_HS_EP1_OUT_IRQHandler
                0x0800261c                WWDG_IRQHandler
                0x0800261c                TIM2_IRQHandler
                0x0800261c                OTG_FS_WKUP_IRQHandler
                0x0800261c                TIM1_TRG_COM_TIM11_IRQHandler
                0x0800261c                OTG_HS_IRQHandler
                0x0800261c                EXTI1_IRQHandler
                0x0800261c                USART2_IRQHandler
                0x0800261c                I2C2_ER_IRQHandler
                0x0800261c                DMA2_Stream1_IRQHandler
                0x0800261c                CAN1_SCE_IRQHandler
                0x0800261c                FLASH_IRQHandler
                0x0800261c                DMA2_Stream4_IRQHandler
                0x0800261c                USART1_IRQHandler
                0x0800261c                OTG_FS_IRQHandler
                0x0800261c                SPI3_IRQHandler
                0x0800261c                DMA1_Stream4_IRQHandler
                0x0800261c                I2C1_ER_IRQHandler
                0x0800261c                FMC_IRQHandler
                0x0800261c                DMA2_Stream6_IRQHandler
                0x0800261c                SAI1_IRQHandler
                0x0800261c                DMA1_Stream3_IRQHandler
 *fill*         0x0800261e        0x2 
 .text.HAL_Init
                0x08002620       0x44 ./Drivers/STM32F4xx_HAL_Driver/Src/stm32f4xx_hal.o
                0x08002620                HAL_Init
 .text.HAL_InitTick
                0x08002664       0x60 ./Drivers/STM32F4xx_HAL_Driver/Src/stm32f4xx_hal.o
                0x08002664                HAL_InitTick
 .text.HAL_IncTick
                0x080026c4       0x28 ./Drivers/STM32F4xx_HAL_Driver/Src/stm32f4xx_hal.o
                0x080026c4                HAL_IncTick
 .text.HAL_GetTick
                0x080026ec       0x18 ./Drivers/STM32F4xx_HAL_Driver/Src/stm32f4xx_hal.o
                0x080026ec                HAL_GetTick
 .text.HAL_Delay
                0x08002704       0x48 ./Drivers/STM32F4xx_HAL_Driver/Src/stm32f4xx_hal.o
                0x08002704                HAL_Delay
 .text.__NVIC_SetPriorityGrouping
                0x0800274c       0x48 ./Drivers/STM32F4xx_HAL_Driver/Src/stm32f4xx_hal_cortex.o
 .text.__NVIC_GetPriorityGrouping
                0x08002794       0x1c ./Drivers/STM32F4xx_HAL_Driver/Src/stm32f4xx_hal_cortex.o
 .text.__NVIC_EnableIRQ
                0x080027b0       0x3c ./Drivers/STM32F4xx_HAL_Driver/Src/stm32f4xx_hal_cortex.o
 .text.__NVIC_SetPriority
                0x080027ec       0x54 ./Drivers/STM32F4xx_HAL_Driver/Src/stm32f4xx_hal_cortex.o
 .text.NVIC_EncodePriority
                0x08002840       0x66 ./Drivers/STM32F4xx_HAL_Driver/Src/stm32f4xx_hal_cortex.o
 *fill*         0x080028a6        0x2 
 .text.SysTick_Config
                0x080028a8       0x44 ./Drivers/STM32F4xx_HAL_Driver/Src/stm32f4xx_hal_cortex.o
 .text.HAL_NVIC_SetPriorityGrouping
                0x080028ec       0x16 ./Drivers/STM32F4xx_HAL_Driver/Src/stm32f4xx_hal_cortex.o
                0x080028ec                HAL_NVIC_SetPriorityGrouping
 .text.HAL_NVIC_SetPriority
                0x08002902       0x38 ./Drivers/STM32F4xx_HAL_Driver/Src/stm32f4xx_hal_cortex.o
                0x08002902                HAL_NVIC_SetPriority
 .text.HAL_NVIC_EnableIRQ
                0x0800293a       0x1c ./Drivers/STM32F4xx_HAL_Driver/Src/stm32f4xx_hal_cortex.o
                0x0800293a                HAL_NVIC_EnableIRQ
 .text.HAL_SYSTICK_Config
                0x08002956       0x18 ./Drivers/STM32F4xx_HAL_Driver/Src/stm32f4xx_hal_cortex.o
                0x08002956                HAL_SYSTICK_Config
 *fill*         0x0800296e        0x2 
 .text.HAL_DMA_Init
                0x08002970      0x15c ./Drivers/STM32F4xx_HAL_Driver/Src/stm32f4xx_hal_dma.o
                0x08002970                HAL_DMA_Init
 .text.HAL_DMA_Start_IT
                0x08002acc       0xb0 ./Drivers/STM32F4xx_HAL_Driver/Src/stm32f4xx_hal_dma.o
                0x08002acc                HAL_DMA_Start_IT
 .text.HAL_DMA_IRQHandler
                0x08002b7c      0x314 ./Drivers/STM32F4xx_HAL_Driver/Src/stm32f4xx_hal_dma.o
                0x08002b7c                HAL_DMA_IRQHandler
 .text.DMA_SetConfig
                0x08002e90       0x5c ./Drivers/STM32F4xx_HAL_Driver/Src/stm32f4xx_hal_dma.o
 .text.DMA_CalcBaseAndBitshift
                0x08002eec       0x6c ./Drivers/STM32F4xx_HAL_Driver/Src/stm32f4xx_hal_dma.o
 .text.DMA_CheckFifoParam
                0x08002f58       0xf8 ./Drivers/STM32F4xx_HAL_Driver/Src/stm32f4xx_hal_dma.o
 .text.HAL_GPIO_Init
                0x08003050      0x328 ./Drivers/STM32F4xx_HAL_Driver/Src/stm32f4xx_hal_gpio.o
                0x08003050                HAL_GPIO_Init
 .text.HAL_GPIO_WritePin
                0x08003378       0x32 ./Drivers/STM32F4xx_HAL_Driver/Src/stm32f4xx_hal_gpio.o
                0x08003378                HAL_GPIO_WritePin
 .text.HAL_GPIO_TogglePin
                0x080033aa       0x34 ./Drivers/STM32F4xx_HAL_Driver/Src/stm32f4xx_hal_gpio.o
                0x080033aa                HAL_GPIO_TogglePin
 *fill*         0x080033de        0x2 
 .text.HAL_I2C_Init
                0x080033e0      0x288 ./Drivers/STM32F4xx_HAL_Driver/Src/stm32f4xx_hal_i2c.o
                0x080033e0                HAL_I2C_Init
 .text.HAL_I2C_Mem_Write
                0x08003668      0x1f4 ./Drivers/STM32F4xx_HAL_Driver/Src/stm32f4xx_hal_i2c.o
                0x08003668                HAL_I2C_Mem_Write
 .text.HAL_I2C_Mem_Read
                0x0800385c      0x464 ./Drivers/STM32F4xx_HAL_Driver/Src/stm32f4xx_hal_i2c.o
                0x0800385c                HAL_I2C_Mem_Read
 .text.I2C_RequestMemoryWrite
                0x08003cc0      0x12c ./Drivers/STM32F4xx_HAL_Driver/Src/stm32f4xx_hal_i2c.o
 .text.I2C_RequestMemoryRead
                0x08003dec      0x1d0 ./Drivers/STM32F4xx_HAL_Driver/Src/stm32f4xx_hal_i2c.o
 .text.I2C_WaitOnFlagUntilTimeout
                0x08003fbc       0xf4 ./Drivers/STM32F4xx_HAL_Driver/Src/stm32f4xx_hal_i2c.o
 .text.I2C_WaitOnMasterAddressFlagUntilTimeout
                0x080040b0      0x140 ./Drivers/STM32F4xx_HAL_Driver/Src/stm32f4xx_hal_i2c.o
 .text.I2C_WaitOnTXEFlagUntilTimeout
                0x080041f0       0x90 ./Drivers/STM32F4xx_HAL_Driver/Src/stm32f4xx_hal_i2c.o
 .text.I2C_WaitOnBTFFlagUntilTimeout
                0x08004280       0x90 ./Drivers/STM32F4xx_HAL_Driver/Src/stm32f4xx_hal_i2c.o
 .text.I2C_WaitOnRXNEFlagUntilTimeout
                0x08004310       0xba ./Drivers/STM32F4xx_HAL_Driver/Src/stm32f4xx_hal_i2c.o
 .text.I2C_IsAcknowledgeFailed
                0x080043ca       0x5e ./Drivers/STM32F4xx_HAL_Driver/Src/stm32f4xx_hal_i2c.o
 .text.HAL_RCC_ClockConfig
                0x08004428      0x1cc ./Drivers/STM32F4xx_HAL_Driver/Src/stm32f4xx_hal_rcc.o
                0x08004428                HAL_RCC_ClockConfig
 .text.HAL_RCC_GetHCLKFreq
                0x080045f4       0x18 ./Drivers/STM32F4xx_HAL_Driver/Src/stm32f4xx_hal_rcc.o
                0x080045f4                HAL_RCC_GetHCLKFreq
 .text.HAL_RCC_GetPCLK1Freq
                0x0800460c       0x28 ./Drivers/STM32F4xx_HAL_Driver/Src/stm32f4xx_hal_rcc.o
                0x0800460c                HAL_RCC_GetPCLK1Freq
 .text.HAL_RCC_GetPCLK2Freq
                0x08004634       0x28 ./Drivers/STM32F4xx_HAL_Driver/Src/stm32f4xx_hal_rcc.o
                0x08004634                HAL_RCC_GetPCLK2Freq
 .text.HAL_RCC_GetSysClockFreq
                0x0800465c      0x460 ./Drivers/STM32F4xx_HAL_Driver/Src/stm32f4xx_hal_rcc_ex.o
                0x0800465c                HAL_RCC_GetSysClockFreq
 .text.HAL_RCC_OscConfig
                0x08004abc      0x53c ./Drivers/STM32F4xx_HAL_Driver/Src/stm32f4xx_hal_rcc_ex.o
                0x08004abc                HAL_RCC_OscConfig
 .text.HAL_TIM_Base_Init
                0x08004ff8       0x9e ./Drivers/STM32F4xx_HAL_Driver/Src/stm32f4xx_hal_tim.o
                0x08004ff8                HAL_TIM_Base_Init
 .text.HAL_TIM_PWM_Init
                0x08005096       0x9e ./Drivers/STM32F4xx_HAL_Driver/Src/stm32f4xx_hal_tim.o
                0x08005096                HAL_TIM_PWM_Init
 .text.HAL_TIM_PWM_MspInit
                0x08005134       0x14 ./Drivers/STM32F4xx_HAL_Driver/Src/stm32f4xx_hal_tim.o
                0x08005134                HAL_TIM_PWM_MspInit
 .text.HAL_TIM_PWM_Start
                0x08005148      0x190 ./Drivers/STM32F4xx_HAL_Driver/Src/stm32f4xx_hal_tim.o
                0x08005148                HAL_TIM_PWM_Start
 .text.HAL_TIM_PWM_ConfigChannel
                0x080052d8      0x184 ./Drivers/STM32F4xx_HAL_Driver/Src/stm32f4xx_hal_tim.o
                0x080052d8                HAL_TIM_PWM_ConfigChannel
 .text.HAL_TIM_ConfigClockSource
                0x0800545c      0x18e ./Drivers/STM32F4xx_HAL_Driver/Src/stm32f4xx_hal_tim.o
                0x0800545c                HAL_TIM_ConfigClockSource
 *fill*         0x080055ea        0x2 
 .text.TIM_Base_SetConfig
                0x080055ec      0x14c ./Drivers/STM32F4xx_HAL_Driver/Src/stm32f4xx_hal_tim.o
                0x080055ec                TIM_Base_SetConfig
 .text.TIM_OC1_SetConfig
                0x08005738       0xe0 ./Drivers/STM32F4xx_HAL_Driver/Src/stm32f4xx_hal_tim.o
 .text.TIM_OC2_SetConfig
                0x08005818       0xec ./Drivers/STM32F4xx_HAL_Driver/Src/stm32f4xx_hal_tim.o
                0x08005818                TIM_OC2_SetConfig
 .text.TIM_OC3_SetConfig
                0x08005904       0xe8 ./Drivers/STM32F4xx_HAL_Driver/Src/stm32f4xx_hal_tim.o
 .text.TIM_OC4_SetConfig
                0x080059ec       0xac ./Drivers/STM32F4xx_HAL_Driver/Src/stm32f4xx_hal_tim.o
 .text.TIM_TI1_ConfigInputStage
                0x08005a98       0x5e ./Drivers/STM32F4xx_HAL_Driver/Src/stm32f4xx_hal_tim.o
 .text.TIM_TI2_ConfigInputStage
                0x08005af6       0x60 ./Drivers/STM32F4xx_HAL_Driver/Src/stm32f4xx_hal_tim.o
 .text.TIM_ITRx_SetConfig
                0x08005b56       0x36 ./Drivers/STM32F4xx_HAL_Driver/Src/stm32f4xx_hal_tim.o
 .text.TIM_ETR_SetConfig
                0x08005b8c       0x40 ./Drivers/STM32F4xx_HAL_Driver/Src/stm32f4xx_hal_tim.o
                0x08005b8c                TIM_ETR_SetConfig
 .text.TIM_CCxChannelCmd
                0x08005bcc       0x4a ./Drivers/STM32F4xx_HAL_Driver/Src/stm32f4xx_hal_tim.o
                0x08005bcc                TIM_CCxChannelCmd
 *fill*         0x08005c16        0x2 
 .text.HAL_TIMEx_MasterConfigSynchronization
                0x08005c18       0xf8 ./Drivers/STM32F4xx_HAL_Driver/Src/stm32f4xx_hal_tim_ex.o
                0x08005c18                HAL_TIMEx_MasterConfigSynchronization
 .text.HAL_UART_Init
                0x08005d10       0xa0 ./Drivers/STM32F4xx_HAL_Driver/Src/stm32f4xx_hal_uart.o
                0x08005d10                HAL_UART_Init
 .text.HAL_UART_Transmit
                0x08005db0      0x116 ./Drivers/STM32F4xx_HAL_Driver/Src/stm32f4xx_hal_uart.o
                0x08005db0                HAL_UART_Transmit
 .text.HAL_UART_Receive_DMA
                0x08005ec6       0x4a ./Drivers/STM32F4xx_HAL_Driver/Src/stm32f4xx_hal_uart.o
                0x08005ec6                HAL_UART_Receive_DMA
 .text.HAL_UART_RxHalfCpltCallback
                0x08005f10       0x14 ./Drivers/STM32F4xx_HAL_Driver/Src/stm32f4xx_hal_uart.o
                0x08005f10                HAL_UART_RxHalfCpltCallback
 .text.HAL_UART_ErrorCallback
                0x08005f24       0x14 ./Drivers/STM32F4xx_HAL_Driver/Src/stm32f4xx_hal_uart.o
                0x08005f24                HAL_UART_ErrorCallback
 .text.HAL_UARTEx_RxEventCallback
                0x08005f38       0x18 ./Drivers/STM32F4xx_HAL_Driver/Src/stm32f4xx_hal_uart.o
                0x08005f38                HAL_UARTEx_RxEventCallback
 .text.UART_DMAReceiveCplt
                0x08005f50      0x12c ./Drivers/STM32F4xx_HAL_Driver/Src/stm32f4xx_hal_uart.o
 .text.UART_DMARxHalfCplt
                0x0800607c       0x3c ./Drivers/STM32F4xx_HAL_Driver/Src/stm32f4xx_hal_uart.o
 .text.UART_DMAError
                0x080060b8       0x94 ./Drivers/STM32F4xx_HAL_Driver/Src/stm32f4xx_hal_uart.o
 .text.UART_WaitOnFlagUntilTimeout
                0x0800614c       0xb2 ./Drivers/STM32F4xx_HAL_Driver/Src/stm32f4xx_hal_uart.o
 *fill*         0x080061fe        0x2 
 .text.UART_Start_Receive_DMA
                0x08006200      0x14c ./Drivers/STM32F4xx_HAL_Driver/Src/stm32f4xx_hal_uart.o
                0x08006200                UART_Start_Receive_DMA
 .text.UART_EndTxTransfer
                0x0800634c       0x50 ./Drivers/STM32F4xx_HAL_Driver/Src/stm32f4xx_hal_uart.o
 .text.UART_EndRxTransfer
                0x0800639c       0xc6 ./Drivers/STM32F4xx_HAL_Driver/Src/stm32f4xx_hal_uart.o
 *fill*         0x08006462        0x2 
 .text.UART_SetConfig
                0x08006464      0x4e8 ./Drivers/STM32F4xx_HAL_Driver/Src/stm32f4xx_hal_uart.o
 .text.memset   0x0800694c       0x10 C:/ST/STM32CubeIDE_2.0.0/STM32CubeIDE/plugins/com.st.stm32cube.ide.mcu.externaltools.gnu-tools-for-stm32.13.3.rel1.win32_1.0.100.202509120712/tools/bin/../lib/gcc/arm-none-eabi/13.3.1/../../../../arm-none-eabi/lib/thumb/v7e-m+fp/hard\libc_nano.a(libc_a-memset.o)
                0x0800694c                memset
 .text.__errno  0x0800695c        0xc C:/ST/STM32CubeIDE_2.0.0/STM32CubeIDE/plugins/com.st.stm32cube.ide.mcu.externaltools.gnu-tools-for-stm32.13.3.rel1.win32_1.0.100.202509120712/tools/bin/../lib/gcc/arm-none-eabi/13.3.1/../../../../arm-none-eabi/lib/thumb/v7e-m+fp/hard\libc_nano.a(libc_a-errno.o)
                0x0800695c                __errno
 .text.__libc_init_array
                0x08006968       0x48 C:/ST/STM32CubeIDE_2.0.0/STM32CubeIDE/plugins/com.st.stm32cube.ide.mcu.externaltools.gnu-tools-for-stm32.13.3.rel1.win32_1.0.100.202509120712/tools/bin/../lib/gcc/arm-none-eabi/13.3.1/../../../../arm-none-eabi/lib/thumb/v7e-m+fp/hard\libc_nano.a(libc_a-init.o)
                0x08006968                __libc_init_array
 .text.memcpy   0x080069b0       0x1c C:/ST/STM32CubeIDE_2.0.0/STM32CubeIDE/plugins/com.st.stm32cube.ide.mcu.externaltools.gnu-tools-for-stm32.13.3.rel1.win32_1.0.100.202509120712/tools/bin/../lib/gcc/arm-none-eabi/13.3.1/../../../../arm-none-eabi/lib/thumb/v7e-m+fp/hard\libc_nano.a(libc_a-memcpy-stub.o)
                0x080069b0                memcpy
 .text.atan2f   0x080069cc        0x4 C:/ST/STM32CubeIDE_2.0.0/STM32CubeIDE/plugins/com.st.stm32cube.ide.mcu.externaltools.gnu-tools-for-stm32.13.3.rel1.win32_1.0.100.202509120712/tools/bin/../lib/gcc/arm-none-eabi/13.3.1/../../../../arm-none-eabi/lib/thumb/v7e-m+fp/hard\libm.a(libm_a-wf_atan2.o)
                0x080069cc                atan2f
 .text.sqrtf    0x080069d0       0x3c C:/ST/STM32CubeIDE_2.0.0/STM32CubeIDE/plugins/com.st.stm32cube.ide.mcu.externaltools.gnu-tools-for-stm32.13.3.rel1.win32_1.0.100.202509120712/tools/bin/../lib/gcc/arm-none-eabi/13.3.1/../../../../arm-none-eabi/lib/thumb/v7e-m+fp/hard\libm.a(libm_a-wf_sqrt.o)
                0x080069d0                sqrtf
 .text.fmaxf    0x08006a0c       0x3a C:/ST/STM32CubeIDE_2.0.0/STM32CubeIDE/plugins/com.st.stm32cube.ide.mcu.externaltools.gnu-tools-for-stm32.13.3.rel1.win32_1.0.100.202509120712/tools/bin/../lib/gcc/arm-none-eabi/13.3.1/../../../../arm-none-eabi/lib/thumb/v7e-m+fp/hard\libm.a(libm_a-sf_fmax.o)
                0x08006a0c                fmaxf
 .text.fminf    0x08006a46       0x3a C:/ST/STM32CubeIDE_2.0.0/STM32CubeIDE/plugins/com.st.stm32cube.ide.mcu.externaltools.gnu-tools-for-stm32.13.3.rel1.win32_1.0.100.202509120712/tools/bin/../lib/gcc/arm-none-eabi/13.3.1/../../../../arm-none-eabi/lib/thumb/v7e-m+fp/hard\libm.a(libm_a-sf_fmin.o)
                0x08006a46                fminf
 .text.__fpclassifyf
                0x08006a80       0x38 C:/ST/STM32CubeIDE_2.0.0/STM32CubeIDE/plugins/com.st.stm32cube.ide.mcu.externaltools.gnu-tools-for-stm32.13.3.rel1.win32_1.0.100.202509120712/tools/bin/../lib/gcc/arm-none-eabi/13.3.1/../../../../arm-none-eabi/lib/thumb/v7e-m+fp/hard\libm.a(libm_a-sf_fpclassify.o)
                0x08006a80                __fpclassifyf
 .text.__ieee754_sqrtf
                0x08006ab8        0x6 C:/ST/STM32CubeIDE_2.0.0/STM32CubeIDE/plugins/com.st.stm32cube.ide.mcu.externaltools.gnu-tools-for-stm32.13.3.rel1.win32_1.0.100.202509120712/tools/bin/../lib/gcc/arm-none-eabi/13.3.1/../../../../arm-none-eabi/lib/thumb/v7e-m+fp/hard\libm.a(libm_a-ef_sqrt.o)
                0x08006ab8                __ieee754_sqrtf
 *fill*         0x08006abe        0x2 
 .text.__ieee754_atan2f
                0x08006ac0      0x140 C:/ST/STM32CubeIDE_2.0.0/STM32CubeIDE/plugins/com.st.stm32cube.ide.mcu.externaltools.gnu-tools-for-stm32.13.3.rel1.win32_1.0.100.202509120712/tools/bin/../lib/gcc/arm-none-eabi/13.3.1/../../../../arm-none-eabi/lib/thumb/v7e-m+fp/hard\libm.a(libm_a-ef_atan2.o)
                0x08006ac0                __ieee754_atan2f
 .text.atanf    0x08006c00      0x1a8 C:/ST/STM32CubeIDE_2.0.0/STM32CubeIDE/plugins/com.st.stm32cube.ide.mcu.externaltools.gnu-tools-for-stm32.13.3.rel1.win32_1.0.100.202509120712/tools/bin/../lib/gcc/arm-none-eabi/13.3.1/../../../../arm-none-eabi/lib/thumb/v7e-m+fp/hard\libm.a(libm_a-sf_atan.o)
                0x08006c00                atanf
 .text.fabsf    0x08006da8        0xe C:/ST/STM32CubeIDE_2.0.0/STM32CubeIDE/plugins/com.st.stm32cube.ide.mcu.externaltools.gnu-tools-for-stm32.13.3.rel1.win32_1.0.100.202509120712/tools/bin/../lib/gcc/arm-none-eabi/13.3.1/../../../../arm-none-eabi/lib/thumb/v7e-m+fp/hard\libm.a(libm_a-sf_fabs.o)
                0x08006da8                fabsf
 *(.glue_7)
 .glue_7        0x08006db6        0x0 linker stubs
 *(.glue_7t)
 .glue_7t       0x08006db6        0x0 linker stubs
 *(.eh_frame)
 *fill*         0x08006db6        0x2 
 .eh_frame      0x08006db8        0x0 C:/ST/STM32CubeIDE_2.0.0/STM32CubeIDE/plugins/com.st.stm32cube.ide.mcu.externaltools.gnu-tools-for-stm32.13.3.rel1.win32_1.0.100.202509120712/tools/bin/../lib/gcc/arm-none-eabi/13.3.1/thumb/v7e-m+fp/hard/crtbegin.o
 *(.init)
 .init          0x08006db8        0x4 C:/ST/STM32CubeIDE_2.0.0/STM32CubeIDE/plugins/com.st.stm32cube.ide.mcu.externaltools.gnu-tools-for-stm32.13.3.rel1.win32_1.0.100.202509120712/tools/bin/../lib/gcc/arm-none-eabi/13.3.1/thumb/v7e-m+fp/hard/crti.o
                0x08006db8                _init
 .init          0x08006dbc        0x8 C:/ST/STM32CubeIDE_2.0.0/STM32CubeIDE/plugins/com.st.stm32cube.ide.mcu.externaltools.gnu-tools-for-stm32.13.3.rel1.win32_1.0.100.202509120712/tools/bin/../lib/gcc/arm-none-eabi/13.3.1/thumb/v7e-m+fp/hard/crtn.o
 *(.fini)
 .fini          0x08006dc4        0x4 C:/ST/STM32CubeIDE_2.0.0/STM32CubeIDE/plugins/com.st.stm32cube.ide.mcu.externaltools.gnu-tools-for-stm32.13.3.rel1.win32_1.0.100.202509120712/tools/bin/../lib/gcc/arm-none-eabi/13.3.1/thumb/v7e-m+fp/hard/crti.o
                0x08006dc4                _fini
 .fini          0x08006dc8        0x8 C:/ST/STM32CubeIDE_2.0.0/STM32CubeIDE/plugins/com.st.stm32cube.ide.mcu.externaltools.gnu-tools-for-stm32.13.3.rel1.win32_1.0.100.202509120712/tools/bin/../lib/gcc/arm-none-eabi/13.3.1/thumb/v7e-m+fp/hard/crtn.o
                0x08006dd0                        . = ALIGN (0x4)
                0x08006dd0                        _etext = .

.vfp11_veneer   0x08006dd0        0x0
 .vfp11_veneer  0x08006dd0        0x0 linker stubs

.v4_bx          0x08006dd0        0x0
 .v4_bx         0x08006dd0        0x0 linker stubs

.iplt           0x08006dd0        0x0
 .iplt          0x08006dd0        0x0 C:/ST/STM32CubeIDE_2.0.0/STM32CubeIDE/plugins/com.st.stm32cube.ide.mcu.externaltools.gnu-tools-for-stm32.13.3.rel1.win32_1.0.100.202509120712/tools/bin/../lib/gcc/arm-none-eabi/13.3.1/thumb/v7e-m+fp/hard/crtbegin.o

.rodata         0x08006dd0       0x58
                0x08006dd0                        . = ALIGN (0x4)
 *(.rodata)
 *(.rodata*)
 .rodata.AHBPrescTable
                0x08006dd0       0x10 ./Core/Src/system_stm32f4xx.o
                0x08006dd0                AHBPrescTable
 .rodata.APBPrescTable
                0x08006de0        0x8 ./Core/Src/system_stm32f4xx.o
                0x08006de0                APBPrescTable
 .rodata.flagBitshiftOffset.0
                0x08006de8        0x8 ./Drivers/STM32F4xx_HAL_Driver/Src/stm32f4xx_hal_dma.o
 .rodata.CSWTCH.9
                0x08006df0        0xc C:/ST/STM32CubeIDE_2.0.0/STM32CubeIDE/plugins/com.st.stm32cube.ide.mcu.externaltools.gnu-tools-for-stm32.13.3.rel1.win32_1.0.100.202509120712/tools/bin/../lib/gcc/arm-none-eabi/13.3.1/../../../../arm-none-eabi/lib/thumb/v7e-m+fp/hard\libm.a(libm_a-ef_atan2.o)
 .rodata.CSWTCH.8
                0x08006dfc        0xc C:/ST/STM32CubeIDE_2.0.0/STM32CubeIDE/plugins/com.st.stm32cube.ide.mcu.externaltools.gnu-tools-for-stm32.13.3.rel1.win32_1.0.100.202509120712/tools/bin/../lib/gcc/arm-none-eabi/13.3.1/../../../../arm-none-eabi/lib/thumb/v7e-m+fp/hard\libm.a(libm_a-ef_atan2.o)
 .rodata.atanlo
                0x08006e08       0x10 C:/ST/STM32CubeIDE_2.0.0/STM32CubeIDE/plugins/com.st.stm32cube.ide.mcu.externaltools.gnu-tools-for-stm32.13.3.rel1.win32_1.0.100.202509120712/tools/bin/../lib/gcc/arm-none-eabi/13.3.1/../../../../arm-none-eabi/lib/thumb/v7e-m+fp/hard\libm.a(libm_a-sf_atan.o)
 .rodata.atanhi
                0x08006e18       0x10 C:/ST/STM32CubeIDE_2.0.0/STM32CubeIDE/plugins/com.st.stm32cube.ide.mcu.externaltools.gnu-tools-for-stm32.13.3.rel1.win32_1.0.100.202509120712/tools/bin/../lib/gcc/arm-none-eabi/13.3.1/../../../../arm-none-eabi/lib/thumb/v7e-m+fp/hard\libm.a(libm_a-sf_atan.o)
                0x08006e28                        . = ALIGN (0x4)

.ARM.extab      0x08006e28        0x0
                0x08006e28                        . = ALIGN (0x4)
 *(.ARM.extab* .gnu.linkonce.armextab.*)
                0x08006e28                        . = ALIGN (0x4)

.ARM            0x08006e28        0x8
                0x08006e28                        . = ALIGN (0x4)
                0x08006e28                        __exidx_start = .
 *(.ARM.exidx*)
 .ARM.exidx     0x08006e28        0x8 C:/ST/STM32CubeIDE_2.0.0/STM32CubeIDE/plugins/com.st.stm32cube.ide.mcu.externaltools.gnu-tools-for-stm32.13.3.rel1.win32_1.0.100.202509120712/tools/bin/../lib/gcc/arm-none-eabi/13.3.1/thumb/v7e-m+fp/hard\libgcc.a(_udivmoddi4.o)
                0x08006e30                        __exidx_end = .
                0x08006e30                        . = ALIGN (0x4)

.preinit_array  0x08006e30        0x0
                0x08006e30                        . = ALIGN (0x4)
                0x08006e30                        PROVIDE (__preinit_array_start = .)
 *(.preinit_array*)
                0x08006e30                        PROVIDE (__preinit_array_end = .)
                0x08006e30                        . = ALIGN (0x4)

.init_array     0x08006e30        0x4
                0x08006e30                        . = ALIGN (0x4)
                0x08006e30                        PROVIDE (__init_array_start = .)
 *(SORT_BY_NAME(.init_array.*))
 *(.init_array*)
 .init_array    0x08006e30        0x4 C:/ST/STM32CubeIDE_2.0.0/STM32CubeIDE/plugins/com.st.stm32cube.ide.mcu.externaltools.gnu-tools-for-stm32.13.3.rel1.win32_1.0.100.202509120712/tools/bin/../lib/gcc/arm-none-eabi/13.3.1/thumb/v7e-m+fp/hard/crtbegin.o
                0x08006e34                        PROVIDE (__init_array_end = .)
                0x08006e34                        . = ALIGN (0x4)

.fini_array     0x08006e34        0x4
                0x08006e34                        . = ALIGN (0x4)
                [!provide]                        PROVIDE (__fini_array_start = .)
 *(SORT_BY_NAME(.fini_array.*))
 *(.fini_array*)
 .fini_array    0x08006e34        0x4 C:/ST/STM32CubeIDE_2.0.0/STM32CubeIDE/plugins/com.st.stm32cube.ide.mcu.externaltools.gnu-tools-for-stm32.13.3.rel1.win32_1.0.100.202509120712/tools/bin/../lib/gcc/arm-none-eabi/13.3.1/thumb/v7e-m+fp/hard/crtbegin.o
                [!provide]                        PROVIDE (__fini_array_end = .)
                0x08006e38                        . = ALIGN (0x4)
                0x08006e38                        _sidata = LOADADDR (.data)

.rel.dyn        0x08006e38        0x0
 .rel.iplt      0x08006e38        0x0 C:/ST/STM32CubeIDE_2.0.0/STM32CubeIDE/plugins/com.st.stm32cube.ide.mcu.externaltools.gnu-tools-for-stm32.13.3.rel1.win32_1.0.100.202509120712/tools/bin/../lib/gcc/arm-none-eabi/13.3.1/thumb/v7e-m+fp/hard/crtbegin.o

.data           0x20000000       0x5c load address 0x08006e38
                0x20000000                        . = ALIGN (0x4)
                0x20000000                        _sdata = .
 *(.data)
 *(.data*)
 .data.SystemCoreClock
                0x20000000        0x4 ./Core/Src/system_stm32f4xx.o
                0x20000000                SystemCoreClock
 .data.uwTickPrio
                0x20000004        0x4 ./Drivers/STM32F4xx_HAL_Driver/Src/stm32f4xx_hal.o
                0x20000004                uwTickPrio
 .data.uwTickFreq
                0x20000008        0x1 ./Drivers/STM32F4xx_HAL_Driver/Src/stm32f4xx_hal.o
                0x20000008                uwTickFreq
 *fill*         0x20000009        0x3 
 .data._impure_ptr
                0x2000000c        0x4 C:/ST/STM32CubeIDE_2.0.0/STM32CubeIDE/plugins/com.st.stm32cube.ide.mcu.externaltools.gnu-tools-for-stm32.13.3.rel1.win32_1.0.100.202509120712/tools/bin/../lib/gcc/arm-none-eabi/13.3.1/../../../../arm-none-eabi/lib/thumb/v7e-m+fp/hard\libc_nano.a(libc_a-impure.o)
                0x2000000c                _impure_ptr
 .data._impure_data
                0x20000010       0x4c C:/ST/STM32CubeIDE_2.0.0/STM32CubeIDE/plugins/com.st.stm32cube.ide.mcu.externaltools.gnu-tools-for-stm32.13.3.rel1.win32_1.0.100.202509120712/tools/bin/../lib/gcc/arm-none-eabi/13.3.1/../../../../arm-none-eabi/lib/thumb/v7e-m+fp/hard\libc_nano.a(libc_a-impure.o)
                0x20000010                _impure_data
 *(.RamFunc)
 *(.RamFunc*)
                0x2000005c                        . = ALIGN (0x4)
                0x2000005c                        _edata = .

.igot.plt       0x2000005c        0x0 load address 0x08006e94
 .igot.plt      0x2000005c        0x0 C:/ST/STM32CubeIDE_2.0.0/STM32CubeIDE/plugins/com.st.stm32cube.ide.mcu.externaltools.gnu-tools-for-stm32.13.3.rel1.win32_1.0.100.202509120712/tools/bin/../lib/gcc/arm-none-eabi/13.3.1/thumb/v7e-m+fp/hard/crtbegin.o
                0x2000005c                        . = ALIGN (0x4)

.bss            0x2000005c      0x5ec load address 0x08006e94
                0x2000005c                        _sbss = .
                0x2000005c                        __bss_start__ = _sbss
 *(.bss)
 .bss           0x2000005c       0x1c C:/ST/STM32CubeIDE_2.0.0/STM32CubeIDE/plugins/com.st.stm32cube.ide.mcu.externaltools.gnu-tools-for-stm32.13.3.rel1.win32_1.0.100.202509120712/tools/bin/../lib/gcc/arm-none-eabi/13.3.1/thumb/v7e-m+fp/hard/crtbegin.o
 *(.bss*)
 .bss.hi2c1     0x20000078       0x54 ./Core/Src/main.o
                0x20000078                hi2c1
 .bss.htim2     0x200000cc       0x48 ./Core/Src/main.o
                0x200000cc                htim2
 .bss.htim3     0x20000114       0x48 ./Core/Src/main.o
                0x20000114                htim3
 .bss.huart2    0x2000015c       0x48 ./Core/Src/main.o
                0x2000015c                huart2
 .bss.hdma_usart2_rx
                0x200001a4       0x60 ./Core/Src/main.o
                0x200001a4                hdma_usart2_rx
 .bss.hdma_usart2_tx
                0x20000204       0x60 ./Core/Src/main.o
                0x20000204                hdma_usart2_tx
 .bss.uart_handle
                0x20000264      0x18c ./Core/Src/main.o
                0x20000264                uart_handle
 .bss.servo_shoulder
                0x200003f0       0x18 ./Core/Src/main.o
                0x200003f0                servo_shoulder
 .bss.servo_elbow
                0x20000408       0x18 ./Core/Src/main.o
                0x20000408                servo_elbow
 .bss.pid_shoulder
                0x20000420       0x24 ./Core/Src/main.o
                0x20000420                pid_shoulder
 .bss.pid_elbow
                0x20000444       0x24 ./Core/Src/main.o
                0x20000444                pid_elbow
 .bss.imu_fusion
                0x20000468       0x14 ./Core/Src/main.o
                0x20000468                imu_fusion
 .bss.control_loop_flag
                0x2000047c        0x1 ./Core/Src/main.o
                0x2000047c                control_loop_flag
 .bss.imu_available
                0x2000047d        0x1 ./Core/Src/main.o
                0x2000047d                imu_available
 *fill*         0x2000047e        0x2 
 .bss.last_command_time
                0x20000480        0x4 ./Core/Src/main.o
                0x20000480                last_command_time
 .bss.watchdog_triggered
                0x20000484        0x1 ./Core/Src/main.o
                0x20000484                watchdog_triggered
 *fill*         0x20000485        0x1 
 .bss.buffer_pos.2
                0x20000486        0x2 ./Core/Src/main.o
 .bss.packet_buffer.1
                0x20000488       0x80 ./Core/Src/main.o
 .bss.tick_counter.0
                0x20000508        0x1 ./Core/Src/stm32f4xx_it.o
 *fill*         0x20000509        0x3 
 .bss.uwTick    0x2000050c        0x4 ./Drivers/STM32F4xx_HAL_Driver/Src/stm32f4xx_hal.o
                0x2000050c                uwTick
 .bss.__sf      0x20000510      0x138 C:/ST/STM32CubeIDE_2.0.0/STM32CubeIDE/plugins/com.st.stm32cube.ide.mcu.externaltools.gnu-tools-for-stm32.13.3.rel1.win32_1.0.100.202509120712/tools/bin/../lib/gcc/arm-none-eabi/13.3.1/../../../../arm-none-eabi/lib/thumb/v7e-m+fp/hard\libc_nano.a(libc_a-findfp.o)
                0x20000510                __sf
 *(COMMON)
                0x20000648                        . = ALIGN (0x4)
                0x20000648                        _ebss = .
                0x20000648                        __bss_end__ = _ebss

._user_heap_stack
                0x20000648      0x600 load address 0x08006e94
                0x20000648                        . = ALIGN (0x8)
                [!provide]                        PROVIDE (end = .)
                0x20000648                        PROVIDE (_end = .)
                0x20000848                        . = (. + _Min_Heap_Size)
 *fill*         0x20000648      0x200 
                0x20000c48                        . = (. + _Min_Stack_Size)
 *fill*         0x20000848      0x400 
                0x20000c48                        . = ALIGN (0x8)

/DISCARD/
 libc.a(*)
 libm.a(*)
 libgcc.a(*)

.ARM.attributes
                0x00000000       0x30
 *(.ARM.attributes)
 .ARM.attributes
                0x00000000       0x22 C:/ST/STM32CubeIDE_2.0.0/STM32CubeIDE/plugins/com.st.stm32cube.ide.mcu.externaltools.gnu-tools-for-stm32.13.3.rel1.win32_1.0.100.202509120712/tools/bin/../lib/gcc/arm-none-eabi/13.3.1/thumb/v7e-m+fp/hard/crti.o
 .ARM.attributes
                0x00000022       0x34 C:/ST/STM32CubeIDE_2.0.0/STM32CubeIDE/plugins/com.st.stm32cube.ide.mcu.externaltools.gnu-tools-for-stm32.13.3.rel1.win32_1.0.100.202509120712/tools/bin/../lib/gcc/arm-none-eabi/13.3.1/thumb/v7e-m+fp/hard/crtbegin.o
 .ARM.attributes
                0x00000056       0x34 ./Core/Src/imu_driver.o
 .ARM.attributes
                0x0000008a       0x34 ./Core/Src/main.o
 .ARM.attributes
                0x000000be       0x34 ./Core/Src/pid_controller.o
 .ARM.attributes
                0x000000f2       0x34 ./Core/Src/protocol.o
 .ARM.attributes
                0x00000126       0x34 ./Core/Src/sensor_fusion.o
 .ARM.attributes
                0x0000015a       0x34 ./Core/Src/servo_control.o
 .ARM.attributes
                0x0000018e       0x34 ./Core/Src/stm32f4xx_hal_msp.o
 .ARM.attributes
                0x000001c2       0x34 ./Core/Src/stm32f4xx_it.o
 .ARM.attributes
                0x000001f6       0x34 ./Core/Src/system_stm32f4xx.o
 .ARM.attributes
                0x0000022a       0x34 ./Core/Src/uart_handler.o
 .ARM.attributes
                0x0000025e       0x21 ./Core/Startup/startup_stm32f446retx.o
 .ARM.attributes
                0x0000027f       0x34 ./Drivers/STM32F4xx_HAL_Driver/Src/stm32f4xx_hal.o
 .ARM.attributes
                0x000002b3       0x34 ./Drivers/STM32F4xx_HAL_Driver/Src/stm32f4xx_hal_cortex.o
 .ARM.attributes
                0x000002e7       0x34 ./Drivers/STM32F4xx_HAL_Driver/Src/stm32f4xx_hal_dma.o
 .ARM.attributes
                0x0000031b       0x34 ./Drivers/STM32F4xx_HAL_Driver/Src/stm32f4xx_hal_gpio.o
 .ARM.attributes
                0x0000034f       0x34 ./Drivers/STM32F4xx_HAL_Driver/Src/stm32f4xx_hal_i2c.o
 .ARM.attributes
                0x00000383       0x34 ./Drivers/STM32F4xx_HAL_Driver/Src/stm32f4xx_hal_rcc.o
 .ARM.attributes
                0x000003b7       0x34 ./Drivers/STM32F4xx_HAL_Driver/Src/stm32f4xx_hal_rcc_ex.o
 .ARM.attributes
                0x000003eb       0x34 ./Drivers/STM32F4xx_HAL_Driver/Src/stm32f4xx_hal_tim.o
 .ARM.attributes
                0x0000041f       0x34 ./Drivers/STM32F4xx_HAL_Driver/Src/stm32f4xx_hal_tim_ex.o
 .ARM.attributes
                0x00000453       0x34 ./Drivers/STM32F4xx_HAL_Driver/Src/stm32f4xx_hal_uart.o
 .ARM.attributes
                0x00000487       0x34 C:/ST/STM32CubeIDE_2.0.0/STM32CubeIDE/plugins/com.st.stm32cube.ide.mcu.externaltools.gnu-tools-for-stm32.13.3.rel1.win32_1.0.100.202509120712/tools/bin/../lib/gcc/arm-none-eabi/13.3.1/../../../../arm-none-eabi/lib/thumb/v7e-m+fp/hard\libc_nano.a(libc_a-findfp.o)
 .ARM.attributes
                0x000004bb       0x34 C:/ST/STM32CubeIDE_2.0.0/STM32CubeIDE/plugins/com.st.stm32cube.ide.mcu.externaltools.gnu-tools-for-stm32.13.3.rel1.win32_1.0.100.202509120712/tools/bin/../lib/gcc/arm-none-eabi/13.3.1/../../../../arm-none-eabi/lib/thumb/v7e-m+fp/hard\libc_nano.a(libc_a-memset.o)
 .ARM.attributes
                0x000004ef       0x34 C:/ST/STM32CubeIDE_2.0.0/STM32CubeIDE/plugins/com.st.stm32cube.ide.mcu.externaltools.gnu-tools-for-stm32.13.3.rel1.win32_1.0.100.202509120712/tools/bin/../lib/gcc/arm-none-eabi/13.3.1/../../../../arm-none-eabi/lib/thumb/v7e-m+fp/hard\libc_nano.a(libc_a-impure.o)
 .ARM.attributes
                0x00000523       0x34 C:/ST/STM32CubeIDE_2.0.0/STM32CubeIDE/plugins/com.st.stm32cube.ide.mcu.externaltools.gnu-tools-for-stm32.13.3.rel1.win32_1.0.100.202509120712/tools/bin/../lib/gcc/arm-none-eabi/13.3.1/../../../../arm-none-eabi/lib/thumb/v7e-m+fp/hard\libc_nano.a(libc_a-errno.o)
 .ARM.attributes
                0x00000557       0x34 C:/ST/STM32CubeIDE_2.0.0/STM32CubeIDE/plugins/com.st.stm32cube.ide.mcu.externaltools.gnu-tools-for-stm32.13.3.rel1.win32_1.0.100.202509120712/tools/bin/../lib/gcc/arm-none-eabi/13.3.1/../../../../arm-none-eabi/lib/thumb/v7e-m+fp/hard\libc_nano.a(libc_a-init.o)
 .ARM.attributes
                0x0000058b       0x34 C:/ST/STM32CubeIDE_2.0.0/STM32CubeIDE/plugins/com.st.stm32cube.ide.mcu.externaltools.gnu-tools-for-stm32.13.3.rel1.win32_1.0.100.202509120712/tools/bin/../lib/gcc/arm-none-eabi/13.3.1/../../../../arm-none-eabi/lib/thumb/v7e-m+fp/hard\libc_nano.a(libc_a-memcpy-stub.o)
 .ARM.attributes
                0x000005bf       0x34 C:/ST/STM32CubeIDE_2.0.0/STM32CubeIDE/plugins/com.st.stm32cube.ide.mcu.externaltools.gnu-tools-for-stm32.13.3.rel1.win32_1.0.100.202509120712/tools/bin/../lib/gcc/arm-none-eabi/13.3.1/../../../../arm-none-eabi/lib/thumb/v7e-m+fp/hard\libm.a(libm_a-wf_atan2.o)
 .ARM.attributes
                0x000005f3       0x34 C:/ST/STM32CubeIDE_2.0.0/STM32CubeIDE/plugins/com.st.stm32cube.ide.mcu.externaltools.gnu-tools-for-stm32.13.3.rel1.win32_1.0.100.202509120712/tools/bin/../lib/gcc/arm-none-eabi/13.3.1/../../../../arm-none-eabi/lib/thumb/v7e-m+fp/hard\libm.a(libm_a-wf_sqrt.o)
 .ARM.attributes
                0x00000627       0x34 C:/ST/STM32CubeIDE_2.0.0/STM32CubeIDE/plugins/com.st.stm32cube.ide.mcu.externaltools.gnu-tools-for-stm32.13.3.rel1.win32_1.0.100.202509120712/tools/bin/../lib/gcc/arm-none-eabi/13.3.1/../../../../arm-none-eabi/lib/thumb/v7e-m+fp/hard\libm.a(libm_a-sf_fmax.o)
 .ARM.attributes
                0x0000065b       0x34 C:/ST/STM32CubeIDE_2.0.0/STM32CubeIDE/plugins/com.st.stm32cube.ide.mcu.externaltools.gnu-tools-for-stm32.13.3.rel1.win32_1.0.100.202509120712/tools/bin/../lib/gcc/arm-none-eabi/13.3.1/../../../../arm-none-eabi/lib/thumb/v7e-m+fp/hard\libm.a(libm_a-sf_fmin.o)
 .ARM.attributes
                0x0000068f       0x34 C:/ST/STM32CubeIDE_2.0.0/STM32CubeIDE/plugins/com.st.stm32cube.ide.mcu.externaltools.gnu-tools-for-stm32.13.3.rel1.win32_1.0.100.202509120712/tools/bin/../lib/gcc/arm-none-eabi/13.3.1/../../../../arm-none-eabi/lib/thumb/v7e-m+fp/hard\libm.a(libm_a-sf_fpclassify.o)
 .ARM.attributes
                0x000006c3       0x34 C:/ST/STM32CubeIDE_2.0.0/STM32CubeIDE/plugins/com.st.stm32cube.ide.mcu.externaltools.gnu-tools-for-stm32.13.3.rel1.win32_1.0.100.202509120712/tools/bin/../lib/gcc/arm-none-eabi/13.3.1/../../../../arm-none-eabi/lib/thumb/v7e-m+fp/hard\libm.a(libm_a-ef_sqrt.o)
 .ARM.attributes
                0x000006f7       0x34 C:/ST/STM32CubeIDE_2.0.0/STM32CubeIDE/plugins/com.st.stm32cube.ide.mcu.externaltools.gnu-tools-for-stm32.13.3.rel1.win32_1.0.100.202509120712/tools/bin/../lib/gcc/arm-none-eabi/13.3.1/../../../../arm-none-eabi/lib/thumb/v7e-m+fp/hard\libm.a(libm_a-ef_atan2.o)
 .ARM.attributes
                0x0000072b       0x34 C:/ST/STM32CubeIDE_2.0.0/STM32CubeIDE/plugins/com.st.stm32cube.ide.mcu.externaltools.gnu-tools-for-stm32.13.3.rel1.win32_1.0.100.202509120712/tools/bin/../lib/gcc/arm-none-eabi/13.3.1/../../../../arm-none-eabi/lib/thumb/v7e-m+fp/hard\libm.a(libm_a-sf_atan.o)
 .ARM.attributes
                0x0000075f       0x34 C:/ST/STM32CubeIDE_2.0.0/STM32CubeIDE/plugins/com.st.stm32cube.ide.mcu.externaltools.gnu-tools-for-stm32.13.3.rel1.win32_1.0.100.202509120712/tools/bin/../lib/gcc/arm-none-eabi/13.3.1/../../../../arm-none-eabi/lib/thumb/v7e-m+fp/hard\libm.a(libm_a-sf_fabs.o)
 .ARM.attributes
                0x00000793       0x22 C:/ST/STM32CubeIDE_2.0.0/STM32CubeIDE/plugins/com.st.stm32cube.ide.mcu.externaltools.gnu-tools-for-stm32.13.3.rel1.win32_1.0.100.202509120712/tools/bin/../lib/gcc/arm-none-eabi/13.3.1/thumb/v7e-m+fp/hard\libgcc.a(_arm_addsubdf3.o)
 .ARM.attributes
                0x000007b5       0x22 C:/ST/STM32CubeIDE_2.0.0/STM32CubeIDE/plugins/com.st.stm32cube.ide.mcu.externaltools.gnu-tools-for-stm32.13.3.rel1.win32_1.0.100.202509120712/tools/bin/../lib/gcc/arm-none-eabi/13.3.1/thumb/v7e-m+fp/hard\libgcc.a(_arm_muldivdf3.o)
 .ARM.attributes
                0x000007d7       0x22 C:/ST/STM32CubeIDE_2.0.0/STM32CubeIDE/plugins/com.st.stm32cube.ide.mcu.externaltools.gnu-tools-for-stm32.13.3.rel1.win32_1.0.100.202509120712/tools/bin/../lib/gcc/arm-none-eabi/13.3.1/thumb/v7e-m+fp/hard\libgcc.a(_arm_truncdfsf2.o)
 .ARM.attributes
                0x000007f9       0x22 C:/ST/STM32CubeIDE_2.0.0/STM32CubeIDE/plugins/com.st.stm32cube.ide.mcu.externaltools.gnu-tools-for-stm32.13.3.rel1.win32_1.0.100.202509120712/tools/bin/../lib/gcc/arm-none-eabi/13.3.1/thumb/v7e-m+fp/hard\libgcc.a(_aeabi_uldivmod.o)
 .ARM.attributes
                0x0000081b       0x34 C:/ST/STM32CubeIDE_2.0.0/STM32CubeIDE/plugins/com.st.stm32cube.ide.mcu.externaltools.gnu-tools-for-stm32.13.3.rel1.win32_1.0.100.202509120712/tools/bin/../lib/gcc/arm-none-eabi/13.3.1/thumb/v7e-m+fp/hard\libgcc.a(_udivmoddi4.o)
 .ARM.attributes
                0x0000084f       0x22 C:/ST/STM32CubeIDE_2.0.0/STM32CubeIDE/plugins/com.st.stm32cube.ide.mcu.externaltools.gnu-tools-for-stm32.13.3.rel1.win32_1.0.100.202509120712/tools/bin/../lib/gcc/arm-none-eabi/13.3.1/thumb/v7e-m+fp/hard\libgcc.a(_dvmd_tls.o)
 .ARM.attributes
                0x00000871       0x22 C:/ST/STM32CubeIDE_2.0.0/STM32CubeIDE/plugins/com.st.stm32cube.ide.mcu.externaltools.gnu-tools-for-stm32.13.3.rel1.win32_1.0.100.202509120712/tools/bin/../lib/gcc/arm-none-eabi/13.3.1/thumb/v7e-m+fp/hard/crtn.o
OUTPUT(hil_firmware.elf elf32-littlearm)
LOAD linker stubs
LOAD C:/ST/STM32CubeIDE_2.0.0/STM32CubeIDE/plugins/com.st.stm32cube.ide.mcu.externaltools.gnu-tools-for-stm32.13.3.rel1.win32_1.0.100.202509120712/tools/bin/../lib/gcc/arm-none-eabi/13.3.1/../../../../arm-none-eabi/lib/thumb/v7e-m+fp/hard\libc.a
LOAD C:/ST/STM32CubeIDE_2.0.0/STM32CubeIDE/plugins/com.st.stm32cube.ide.mcu.externaltools.gnu-tools-for-stm32.13.3.rel1.win32_1.0.100.202509120712/tools/bin/../lib/gcc/arm-none-eabi/13.3.1/../../../../arm-none-eabi/lib/thumb/v7e-m+fp/hard\libm.a
LOAD C:/ST/STM32CubeIDE_2.0.0/STM32CubeIDE/plugins/com.st.stm32cube.ide.mcu.externaltools.gnu-tools-for-stm32.13.3.rel1.win32_1.0.100.202509120712/tools/bin/../lib/gcc/arm-none-eabi/13.3.1/thumb/v7e-m+fp/hard\libgcc.a

.debug_info     0x00000000    0x12b06
 .debug_info    0x00000000      0x7d9 ./Core/Src/imu_driver.o
 .debug_info    0x000007d9     0x21b3 ./Core/Src/main.o
 .debug_info    0x0000298c      0x27a ./Core/Src/pid_controller.o
 .debug_info    0x00002c06      0x278 ./Core/Src/protocol.o
 .debug_info    0x00002e7e      0x2a4 ./Core/Src/sensor_fusion.o
 .debug_info    0x00003122      0x8ad ./Core/Src/servo_control.o
 .debug_info    0x000039cf     0x110b ./Core/Src/stm32f4xx_hal_msp.o
 .debug_info    0x00004ada      0x77a ./Core/Src/stm32f4xx_it.o
 .debug_info    0x00005254      0x54a ./Core/Src/system_stm32f4xx.o
 .debug_info    0x0000579e      0x7bb ./Core/Src/uart_handler.o
 .debug_info    0x00005f59       0x30 ./Core/Startup/startup_stm32f446retx.o
 .debug_info    0x00005f89      0x99a ./Drivers/STM32F4xx_HAL_Driver/Src/stm32f4xx_hal.o
 .debug_info    0x00006923      0xdaa ./Drivers/STM32F4xx_HAL_Driver/Src/stm32f4xx_hal_cortex.o
 .debug_info    0x000076cd      0x8e7 ./Drivers/STM32F4xx_HAL_Driver/Src/stm32f4xx_hal_dma.o
 .debug_info    0x00007fb4      0x70b ./Drivers/STM32F4xx_HAL_Driver/Src/stm32f4xx_hal_gpio.o
 .debug_info    0x000086bf     0x2421 ./Drivers/STM32F4xx_HAL_Driver/Src/stm32f4xx_hal_i2c.o
 .debug_info    0x0000aae0      0x8ff ./Drivers/STM32F4xx_HAL_Driver/Src/stm32f4xx_hal_rcc.o
 .debug_info    0x0000b3df      0x960 ./Drivers/STM32F4xx_HAL_Driver/Src/stm32f4xx_hal_rcc_ex.o
 .debug_info    0x0000bd3f     0x299d ./Drivers/STM32F4xx_HAL_Driver/Src/stm32f4xx_hal_tim.o
 .debug_info    0x0000e6dc     0x14db ./Drivers/STM32F4xx_HAL_Driver/Src/stm32f4xx_hal_tim_ex.o
 .debug_info    0x0000fbb7     0x2f4f ./Drivers/STM32F4xx_HAL_Driver/Src/stm32f4xx_hal_uart.o

.debug_abbrev   0x00000000     0x2a92
 .debug_abbrev  0x00000000      0x185 ./Core/Src/imu_driver.o
 .debug_abbrev  0x00000185      0x32e ./Core/Src/main.o
 .debug_abbrev  0x000004b3      0x116 ./Core/Src/pid_controller.o
 .debug_abbrev  0x000005c9      0x135 ./Core/Src/protocol.o
 .debug_abbrev  0x000006fe      0x14d ./Core/Src/sensor_fusion.o
 .debug_abbrev  0x0000084b      0x1b8 ./Core/Src/servo_control.o
 .debug_abbrev  0x00000a03      0x271 ./Core/Src/stm32f4xx_hal_msp.o
 .debug_abbrev  0x00000c74      0x201 ./Core/Src/stm32f4xx_it.o
 .debug_abbrev  0x00000e75      0x11a ./Core/Src/system_stm32f4xx.o
 .debug_abbrev  0x00000f8f      0x1f8 ./Core/Src/uart_handler.o
 .debug_abbrev  0x00001187       0x24 ./Core/Startup/startup_stm32f446retx.o
 .debug_abbrev  0x000011ab      0x214 ./Drivers/STM32F4xx_HAL_Driver/Src/stm32f4xx_hal.o
 .debug_abbrev  0x000013bf      0x31d ./Drivers/STM32F4xx_HAL_Driver/Src/stm32f4xx_hal_cortex.o
 .debug_abbrev  0x000016dc      0x264 ./Drivers/STM32F4xx_HAL_Driver/Src/stm32f4xx_hal_dma.o
 .debug_abbrev  0x00001940      0x1d4 ./Drivers/STM32F4xx_HAL_Driver/Src/stm32f4xx_hal_gpio.o
 .debug_abbrev  0x00001b14      0x2ad ./Drivers/STM32F4xx_HAL_Driver/Src/stm32f4xx_hal_i2c.o
 .debug_abbrev  0x00001dc1      0x2b7 ./Drivers/STM32F4xx_HAL_Driver/Src/stm32f4xx_hal_rcc.o
 .debug_abbrev  0x00002078      0x211 ./Drivers/STM32F4xx_HAL_Driver/Src/stm32f4xx_hal_rcc_ex.o
 .debug_abbrev  0x00002289      0x278 ./Drivers/STM32F4xx_HAL_Driver/Src/stm32f4xx_hal_tim.o
 .debug_abbrev  0x00002501      0x283 ./Drivers/STM32F4xx_HAL_Driver/Src/stm32f4xx_hal_tim_ex.o
 .debug_abbrev  0x00002784      0x30e ./Drivers/STM32F4xx_HAL_Driver/Src/stm32f4xx_hal_uart.o

.debug_aranges  0x00000000     0x1120
 .debug_aranges
                0x00000000       0x30 ./Core/Src/imu_driver.o
 .debug_aranges
                0x00000030       0xa0 ./Core/Src/main.o
 .debug_aranges
                0x000000d0       0x40 ./Core/Src/pid_controller.o
 .debug_aranges
                0x00000110       0x30 ./Core/Src/protocol.o
 .debug_aranges
                0x00000140       0x40 ./Core/Src/sensor_fusion.o
 .debug_aranges
                0x00000180       0x40 ./Core/Src/servo_control.o
 .debug_aranges
                0x000001c0       0x58 ./Core/Src/stm32f4xx_hal_msp.o
 .debug_aranges
                0x00000218       0x80 ./Core/Src/stm32f4xx_it.o
 .debug_aranges
                0x00000298       0x28 ./Core/Src/system_stm32f4xx.o
 .debug_aranges
                0x000002c0       0x48 ./Core/Src/uart_handler.o
 .debug_aranges
                0x00000308       0x28 ./Core/Startup/startup_stm32f446retx.o
 .debug_aranges
                0x00000330       0xf0 ./Drivers/STM32F4xx_HAL_Driver/Src/stm32f4xx_hal.o
 .debug_aranges
                0x00000420      0x130 ./Drivers/STM32F4xx_HAL_Driver/Src/stm32f4xx_hal_cortex.o
 .debug_aranges
                0x00000550       0x90 ./Drivers/STM32F4xx_HAL_Driver/Src/stm32f4xx_hal_dma.o
 .debug_aranges
                0x000005e0       0x58 ./Drivers/STM32F4xx_HAL_Driver/Src/stm32f4xx_hal_gpio.o
 .debug_aranges
                0x00000638      0x2a8 ./Drivers/STM32F4xx_HAL_Driver/Src/stm32f4xx_hal_i2c.o
 .debug_aranges
                0x000008e0       0x88 ./Drivers/STM32F4xx_HAL_Driver/Src/stm32f4xx_hal_rcc.o
 .debug_aranges
                0x00000968       0x78 ./Drivers/STM32F4xx_HAL_Driver/Src/stm32f4xx_hal_rcc_ex.o
 .debug_aranges
                0x000009e0      0x3d0 ./Drivers/STM32F4xx_HAL_Driver/Src/stm32f4xx_hal_tim.o
 .debug_aranges
                0x00000db0      0x168 ./Drivers/STM32F4xx_HAL_Driver/Src/stm32f4xx_hal_tim_ex.o
 .debug_aranges
                0x00000f18      0x208 ./Drivers/STM32F4xx_HAL_Driver/Src/stm32f4xx_hal_uart.o

.debug_rnglists
                0x00000000      0xd79
 .debug_rnglists
                0x00000000       0x20 ./Core/Src/imu_driver.o
 .debug_rnglists
                0x00000020       0x7c ./Core/Src/main.o
 .debug_rnglists
                0x0000009c       0x2c ./Core/Src/pid_controller.o
 .debug_rnglists
                0x000000c8       0x21 ./Core/Src/protocol.o
 .debug_rnglists
                0x000000e9       0x2c ./Core/Src/sensor_fusion.o
 .debug_rnglists
                0x00000115       0x2d ./Core/Src/servo_control.o
 .debug_rnglists
                0x00000142       0x3f ./Core/Src/stm32f4xx_hal_msp.o
 .debug_rnglists
                0x00000181       0x5b ./Core/Src/stm32f4xx_it.o
 .debug_rnglists
                0x000001dc       0x1a ./Core/Src/system_stm32f4xx.o
 .debug_rnglists
                0x000001f6       0x31 ./Core/Src/uart_handler.o
 .debug_rnglists
                0x00000227       0x19 ./Core/Startup/startup_stm32f446retx.o
 .debug_rnglists
                0x00000240       0xaf ./Drivers/STM32F4xx_HAL_Driver/Src/stm32f4xx_hal.o
 .debug_rnglists
                0x000002ef       0xe0 ./Drivers/STM32F4xx_HAL_Driver/Src/stm32f4xx_hal_cortex.o
 .debug_rnglists
                0x000003cf       0x70 ./Drivers/STM32F4xx_HAL_Driver/Src/stm32f4xx_hal_dma.o
 .debug_rnglists
                0x0000043f       0x3f ./Drivers/STM32F4xx_HAL_Driver/Src/stm32f4xx_hal_gpio.o
 .debug_rnglists
                0x0000047e      0x23c ./Drivers/STM32F4xx_HAL_Driver/Src/stm32f4xx_hal_i2c.o
 .debug_rnglists
                0x000006ba       0x66 ./Drivers/STM32F4xx_HAL_Driver/Src/stm32f4xx_hal_rcc.o
 .debug_rnglists
                0x00000720       0x5e ./Drivers/STM32F4xx_HAL_Driver/Src/stm32f4xx_hal_rcc_ex.o
 .debug_rnglists
                0x0000077e      0x31a ./Drivers/STM32F4xx_HAL_Driver/Src/stm32f4xx_hal_tim.o
 .debug_rnglists
                0x00000a98      0x125 ./Drivers/STM32F4xx_HAL_Driver/Src/stm32f4xx_hal_tim_ex.o
 .debug_rnglists
                0x00000bbd      0x1bc ./Drivers/STM32F4xx_HAL_Driver/Src/stm32f4xx_hal_uart.o

.debug_macro    0x00000000    0x22f72
 .debug_macro   0x00000000      0x212 ./Core/Src/imu_driver.o
 .debug_macro   0x00000212      0xad8 ./Core/Src/imu_driver.o
 .debug_macro   0x00000cea      0x2a1 ./Core/Src/imu_driver.o
 .debug_macro   0x00000f8b       0x2e ./Core/Src/imu_driver.o
 .debug_macro   0x00000fb9       0x28 ./Core/Src/imu_driver.o
 .debug_macro   0x00000fe1       0x22 ./Core/Src/imu_driver.o
 .debug_macro   0x00001003       0x8e ./Core/Src/imu_driver.o
 .debug_macro   0x00001091       0x51 ./Core/Src/imu_driver.o
 .debug_macro   0x000010e2      0x103 ./Core/Src/imu_driver.o
 .debug_macro   0x000011e5       0x6a ./Core/Src/imu_driver.o
 .debug_macro   0x0000124f      0x1df ./Core/Src/imu_driver.o
 .debug_macro   0x0000142e       0x1c ./Core/Src/imu_driver.o
 .debug_macro   0x0000144a       0x22 ./Core/Src/imu_driver.o
 .debug_macro   0x0000146c       0xfb ./Core/Src/imu_driver.o
 .debug_macro   0x00001567     0x1011 ./Core/Src/imu_driver.o
 .debug_macro   0x00002578      0x11f ./Core/Src/imu_driver.o
 .debug_macro   0x00002697    0x1675e ./Core/Src/imu_driver.o
 .debug_macro   0x00018df5       0x6d ./Core/Src/imu_driver.o
 .debug_macro   0x00018e62     0x3693 ./Core/Src/imu_driver.o
 .debug_macro   0x0001c4f5      0x190 ./Core/Src/imu_driver.o
 .debug_macro   0x0001c685       0x5c ./Core/Src/imu_driver.o
 .debug_macro   0x0001c6e1      0xca5 ./Core/Src/imu_driver.o
 .debug_macro   0x0001d386      0x9e9 ./Core/Src/imu_driver.o
 .debug_macro   0x0001dd6f      0x115 ./Core/Src/imu_driver.o
 .debug_macro   0x0001de84      0x1a0 ./Core/Src/imu_driver.o
 .debug_macro   0x0001e024       0xa5 ./Core/Src/imu_driver.o
 .debug_macro   0x0001e0c9      0x16d ./Core/Src/imu_driver.o
 .debug_macro   0x0001e236      0x287 ./Core/Src/imu_driver.o
 .debug_macro   0x0001e4bd       0x5f ./Core/Src/imu_driver.o
 .debug_macro   0x0001e51c      0x236 ./Core/Src/imu_driver.o
 .debug_macro   0x0001e752      0x132 ./Core/Src/imu_driver.o
 .debug_macro   0x0001e884      0x29c ./Core/Src/imu_driver.o
 .debug_macro   0x0001eb20       0x2e ./Core/Src/imu_driver.o
 .debug_macro   0x0001eb4e      0x1b5 ./Core/Src/imu_driver.o
 .debug_macro   0x0001ed03       0x22 ./Core/Src/imu_driver.o
 .debug_macro   0x0001ed25       0xd6 ./Core/Src/imu_driver.o
 .debug_macro   0x0001edfb      0x127 ./Core/Src/imu_driver.o
 .debug_macro   0x0001ef22       0xe8 ./Core/Src/imu_driver.o
 .debug_macro   0x0001f00a       0x89 ./Core/Src/imu_driver.o
 .debug_macro   0x0001f093      0x8ed ./Core/Src/imu_driver.o
 .debug_macro   0x0001f980       0x53 ./Core/Src/imu_driver.o
 .debug_macro   0x0001f9d3      0x2aa ./Core/Src/imu_driver.o
 .debug_macro   0x0001fc7d      0x126 ./Core/Src/imu_driver.o
 .debug_macro   0x0001fda3       0x22 ./Core/Src/imu_driver.o
 .debug_macro   0x0001fdc5      0x323 ./Core/Src/main.o
 .debug_macro   0x000200e8       0x64 ./Core/Src/main.o
 .debug_macro   0x0002014c       0x10 ./Core/Src/main.o
 .debug_macro   0x0002015c       0x16 ./Core/Src/main.o
 .debug_macro   0x00020172       0x1c ./Core/Src/main.o
 .debug_macro   0x0002018e       0x10 ./Core/Src/main.o
 .debug_macro   0x0002019e       0x61 ./Core/Src/main.o
 .debug_macro   0x000201ff       0x2a ./Core/Src/main.o
 .debug_macro   0x00020229       0x43 ./Core/Src/main.o
 .debug_macro   0x0002026c       0x34 ./Core/Src/main.o
 .debug_macro   0x000202a0      0x370 ./Core/Src/main.o
 .debug_macro   0x00020610       0x16 ./Core/Src/main.o
 .debug_macro   0x00020626       0x4a ./Core/Src/main.o
 .debug_macro   0x00020670       0x34 ./Core/Src/main.o
 .debug_macro   0x000206a4       0x10 ./Core/Src/main.o
 .debug_macro   0x000206b4       0x58 ./Core/Src/main.o
 .debug_macro   0x0002070c       0x8e ./Core/Src/main.o
 .debug_macro   0x0002079a       0x1c ./Core/Src/main.o
 .debug_macro   0x000207b6      0x185 ./Core/Src/main.o
 .debug_macro   0x0002093b       0x10 ./Core/Src/main.o
 .debug_macro   0x0002094b       0x3c ./Core/Src/main.o
 .debug_macro   0x00020987       0x20 ./Core/Src/main.o
 .debug_macro   0x000209a7       0xec ./Core/Src/pid_controller.o
 .debug_macro   0x00020a93       0x5b ./Core/Src/pid_controller.o
 .debug_macro   0x00020aee       0x94 ./Core/Src/pid_controller.o
 .debug_macro   0x00020b82       0x57 ./Core/Src/pid_controller.o
 .debug_macro   0x00020bd9      0x19b ./Core/Src/pid_controller.o
 .debug_macro   0x00020d74      0x14e ./Core/Src/protocol.o
 .debug_macro   0x00020ec2       0x10 ./Core/Src/protocol.o
 .debug_macro   0x00020ed2      0x138 ./Core/Src/sensor_fusion.o
 .debug_macro   0x0002100a      0x2aa ./Core/Src/servo_control.o
 .debug_macro   0x000212b4       0x16 ./Core/Src/servo_control.o
 .debug_macro   0x000212ca      0x1f6 ./Core/Src/stm32f4xx_hal_msp.o
 .debug_macro   0x000214c0      0x218 ./Core/Src/stm32f4xx_it.o
 .debug_macro   0x000216d8      0x1e7 ./Core/Src/system_stm32f4xx.o
 .debug_macro   0x000218bf      0x2cd ./Core/Src/uart_handler.o
 .debug_macro   0x00021b8c      0x247 ./Drivers/STM32F4xx_HAL_Driver/Src/stm32f4xx_hal.o
 .debug_macro   0x00021dd3      0x1e7 ./Drivers/STM32F4xx_HAL_Driver/Src/stm32f4xx_hal_cortex.o
 .debug_macro   0x00021fba      0x1ed ./Drivers/STM32F4xx_HAL_Driver/Src/stm32f4xx_hal_dma.o
 .debug_macro   0x000221a7      0x1ed ./Drivers/STM32F4xx_HAL_Driver/Src/stm32f4xx_hal_gpio.o
 .debug_macro   0x00022394      0x235 ./Drivers/STM32F4xx_HAL_Driver/Src/stm32f4xx_hal_i2c.o
 .debug_macro   0x000225c9      0x20b ./Drivers/STM32F4xx_HAL_Driver/Src/stm32f4xx_hal_rcc.o
 .debug_macro   0x000227d4      0x1e7 ./Drivers/STM32F4xx_HAL_Driver/Src/stm32f4xx_hal_rcc_ex.o
 .debug_macro   0x000229bb      0x1e8 ./Drivers/STM32F4xx_HAL_Driver/Src/stm32f4xx_hal_tim.o
 .debug_macro   0x00022ba3      0x1e7 ./Drivers/STM32F4xx_HAL_Driver/Src/stm32f4xx_hal_tim_ex.o
 .debug_macro   0x00022d8a      0x1e8 ./Drivers/STM32F4xx_HAL_Driver/Src/stm32f4xx_hal_uart.o

.debug_line     0x00000000    0x160f4
 .debug_line    0x00000000      0x840 ./Core/Src/imu_driver.o
 .debug_line    0x00000840      0xe80 ./Core/Src/main.o
 .debug_line    0x000016c0      0x623 ./Core/Src/pid_controller.o
 .debug_line    0x00001ce3      0x6b4 ./Core/Src/protocol.o
 .debug_line    0x00002397      0x68e ./Core/Src/sensor_fusion.o
 .debug_line    0x00002a25      0x9a3 ./Core/Src/servo_control.o
 .debug_line    0x000033c8      0x8f5 ./Core/Src/stm32f4xx_hal_msp.o
 .debug_line    0x00003cbd      0x8c7 ./Core/Src/stm32f4xx_it.o
 .debug_line    0x00004584      0x7f1 ./Core/Src/system_stm32f4xx.o
 .debug_line    0x00004d75      0x992 ./Core/Src/uart_handler.o
 .debug_line    0x00005707       0x7a ./Core/Startup/startup_stm32f446retx.o
 .debug_line    0x00005781      0xa6d ./Drivers/STM32F4xx_HAL_Driver/Src/stm32f4xx_hal.o
 .debug_line    0x000061ee      0xd3d ./Drivers/STM32F4xx_HAL_Driver/Src/stm32f4xx_hal_cortex.o
 .debug_line    0x00006f2b      0xfd9 ./Drivers/STM32F4xx_HAL_Driver/Src/stm32f4xx_hal_dma.o
 .debug_line    0x00007f04      0xbb1 ./Drivers/STM32F4xx_HAL_Driver/Src/stm32f4xx_hal_gpio.o
 .debug_line    0x00008ab5     0x3b1a ./Drivers/STM32F4xx_HAL_Driver/Src/stm32f4xx_hal_i2c.o
 .debug_line    0x0000c5cf      0xe88 ./Drivers/STM32F4xx_HAL_Driver/Src/stm32f4xx_hal_rcc.o
 .debug_line    0x0000d457     0x1539 ./Drivers/STM32F4xx_HAL_Driver/Src/stm32f4xx_hal_rcc_ex.o
 .debug_line    0x0000e990     0x37e2 ./Drivers/STM32F4xx_HAL_Driver/Src/stm32f4xx_hal_tim.o
 .debug_line    0x00012172     0x19cd ./Drivers/STM32F4xx_HAL_Driver/Src/stm32f4xx_hal_tim_ex.o
 .debug_line    0x00013b3f     0x25b5 ./Drivers/STM32F4xx_HAL_Driver/Src/stm32f4xx_hal_uart.o

.debug_str      0x00000000    0xd3f53
 .debug_str     0x00000000    0xd3f53 ./Core/Src/imu_driver.o
                              0xcb73b (size before relaxing)
 .debug_str     0x000d3f53        0x0 ./Core/Src/main.o
                              0xd001e (size before relaxing)
 .debug_str     0x000d3f53        0x0 ./Core/Src/pid_controller.o
                               0x700e (size before relaxing)
 .debug_str     0x000d3f53        0x0 ./Core/Src/protocol.o
                               0x7430 (size before relaxing)
 .debug_str     0x000d3f53        0x0 ./Core/Src/sensor_fusion.o
                               0x7c1f (size before relaxing)
 .debug_str     0x000d3f53        0x0 ./Core/Src/servo_control.o
                              0xcf122 (size before relaxing)
 .debug_str     0x000d3f53        0x0 ./Core/Src/stm32f4xx_hal_msp.o
                              0xcbea1 (size before relaxing)
 .debug_str     0x000d3f53        0x0 ./Core/Src/stm32f4xx_it.o
                              0xcb8b0 (size before relaxing)
 .debug_str     0x000d3f53        0x0 ./Core/Src/system_stm32f4xx.o
                              0xcb27d (size before relaxing)
 .debug_str     0x000d3f53        0x0 ./Core/Src/uart_handler.o
                              0xce891 (size before relaxing)
 .debug_str     0x000d3f53        0x0 ./Core/Startup/startup_stm32f446retx.o
                                 0x65 (size before relaxing)
 .debug_str     0x000d3f53        0x0 ./Drivers/STM32F4xx_HAL_Driver/Src/stm32f4xx_hal.o
                              0xcbe42 (size before relaxing)
 .debug_str     0x000d3f53        0x0 ./Drivers/STM32F4xx_HAL_Driver/Src/stm32f4xx_hal_cortex.o
                              0xcbb99 (size before relaxing)
 .debug_str     0x000d3f53        0x0 ./Drivers/STM32F4xx_HAL_Driver/Src/stm32f4xx_hal_dma.o
                              0xcb672 (size before relaxing)
 .debug_str     0x000d3f53        0x0 ./Drivers/STM32F4xx_HAL_Driver/Src/stm32f4xx_hal_gpio.o
                              0xcb3f8 (size before relaxing)
 .debug_str     0x000d3f53        0x0 ./Drivers/STM32F4xx_HAL_Driver/Src/stm32f4xx_hal_i2c.o
                              0xcc27b (size before relaxing)
 .debug_str     0x000d3f53        0x0 ./Drivers/STM32F4xx_HAL_Driver/Src/stm32f4xx_hal_rcc.o
                              0xcb6b6 (size before relaxing)
 .debug_str     0x000d3f53        0x0 ./Drivers/STM32F4xx_HAL_Driver/Src/stm32f4xx_hal_rcc_ex.o
                              0xcb6e9 (size before relaxing)
 .debug_str     0x000d3f53        0x0 ./Drivers/STM32F4xx_HAL_Driver/Src/stm32f4xx_hal_tim.o
                              0xcc5e2 (size before relaxing)
 .debug_str     0x000d3f53        0x0 ./Drivers/STM32F4xx_HAL_Driver/Src/stm32f4xx_hal_tim_ex.o
                              0xcbdee (size before relaxing)
 .debug_str     0x000d3f53        0x0 ./Drivers/STM32F4xx_HAL_Driver/Src/stm32f4xx_hal_uart.o
                              0xcbc6d (size before relaxing)

.comment        0x00000000       0x43
 .comment       0x00000000       0x43 ./Core/Src/imu_driver.o
                                 0x44 (size before relaxing)
 .comment       0x00000043        0x0 ./Core/Src/main.o
                                 0x44 (size before relaxing)
 .comment       0x00000043        0x0 ./Core/Src/pid_controller.o
                                 0x44 (size before relaxing)
 .comment       0x00000043        0x0 ./Core/Src/protocol.o
                                 0x44 (size before relaxing)
 .comment       0x00000043        0x0 ./Core/Src/sensor_fusion.o
                                 0x44 (size before relaxing)
 .comment       0x00000043        0x0 ./Core/Src/servo_control.o
                                 0x44 (size before relaxing)
 .comment       0x00000043        0x0 ./Core/Src/stm32f4xx_hal_msp.o
                                 0x44 (size before relaxing)
 .comment       0x00000043        0x0 ./Core/Src/stm32f4xx_it.o
                                 0x44 (size before relaxing)
 .comment       0x00000043        0x0 ./Core/Src/system_stm32f4xx.o
                                 0x44 (size before relaxing)
 .comment       0x00000043        0x0 ./Core/Src/uart_handler.o
                                 0x44 (size before relaxing)
 .comment       0x00000043        0x0 ./Drivers/STM32F4xx_HAL_Driver/Src/stm32f4xx_hal.o
                                 0x44 (size before relaxing)
 .comment       0x00000043        0x0 ./Drivers/STM32F4xx_HAL_Driver/Src/stm32f4xx_hal_cortex.o
                                 0x44 (size before relaxing)
 .comment       0x00000043        0x0 ./Drivers/STM32F4xx_HAL_Driver/Src/stm32f4xx_hal_dma.o
                                 0x44 (size before relaxing)
 .comment       0x00000043        0x0 ./Drivers/STM32F4xx_HAL_Driver/Src/stm32f4xx_hal_gpio.o
                                 0x44 (size before relaxing)
 .comment       0x00000043        0x0 ./Drivers/STM32F4xx_HAL_Driver/Src/stm32f4xx_hal_i2c.o
                                 0x44 (size before relaxing)
 .comment       0x00000043        0x0 ./Drivers/STM32F4xx_HAL_Driver/Src/stm32f4xx_hal_rcc.o
                                 0x44 (size before relaxing)
 .comment       0x00000043        0x0 ./Drivers/STM32F4xx_HAL_Driver/Src/stm32f4xx_hal_rcc_ex.o
                                 0x44 (size before relaxing)
 .comment       0x00000043        0x0 ./Drivers/STM32F4xx_HAL_Driver/Src/stm32f4xx_hal_tim.o
                                 0x44 (size before relaxing)
 .comment       0x00000043        0x0 ./Drivers/STM32F4xx_HAL_Driver/Src/stm32f4xx_hal_tim_ex.o
                                 0x44 (size before relaxing)
 .comment       0x00000043        0x0 ./Drivers/STM32F4xx_HAL_Driver/Src/stm32f4xx_hal_uart.o
                                 0x44 (size before relaxing)

.debug_frame    0x00000000     0x4ca4
 .debug_frame   0x00000000       0x80 ./Core/Src/imu_driver.o
 .debug_frame   0x00000080      0x25c ./Core/Src/main.o
 .debug_frame   0x000002dc       0xd8 ./Core/Src/pid_controller.o
 .debug_frame   0x000003b4       0x80 ./Core/Src/protocol.o
 .debug_frame   0x00000434       0xe4 ./Core/Src/sensor_fusion.o
 .debug_frame   0x00000518       0xd8 ./Core/Src/servo_control.o
 .debug_frame   0x000005f0      0x138 ./Core/Src/stm32f4xx_hal_msp.o
 .debug_frame   0x00000728      0x184 ./Core/Src/stm32f4xx_it.o
 .debug_frame   0x000008ac       0x58 ./Core/Src/system_stm32f4xx.o
 .debug_frame   0x00000904       0xf8 ./Core/Src/uart_handler.o
 .debug_frame   0x000009fc      0x374 ./Drivers/STM32F4xx_HAL_Driver/Src/stm32f4xx_hal.o
 .debug_frame   0x00000d70      0x508 ./Drivers/STM32F4xx_HAL_Driver/Src/stm32f4xx_hal_cortex.o
 .debug_frame   0x00001278      0x250 ./Drivers/STM32F4xx_HAL_Driver/Src/stm32f4xx_hal_dma.o
 .debug_frame   0x000014c8      0x14c ./Drivers/STM32F4xx_HAL_Driver/Src/stm32f4xx_hal_gpio.o
 .debug_frame   0x00001614      0xc84 ./Drivers/STM32F4xx_HAL_Driver/Src/stm32f4xx_hal_i2c.o
 .debug_frame   0x00002298      0x1f4 ./Drivers/STM32F4xx_HAL_Driver/Src/stm32f4xx_hal_rcc.o
 .debug_frame   0x0000248c      0x1e8 ./Drivers/STM32F4xx_HAL_Driver/Src/stm32f4xx_hal_rcc_ex.o
 .debug_frame   0x00002674     0x11c0 ./Drivers/STM32F4xx_HAL_Driver/Src/stm32f4xx_hal_tim.o
 .debug_frame   0x00003834      0x638 ./Drivers/STM32F4xx_HAL_Driver/Src/stm32f4xx_hal_tim_ex.o
 .debug_frame   0x00003e6c      0x954 ./Drivers/STM32F4xx_HAL_Driver/Src/stm32f4xx_hal_uart.o
 .debug_frame   0x000047c0      0x144 C:/ST/STM32CubeIDE_2.0.0/STM32CubeIDE/plugins/com.st.stm32cube.ide.mcu.externaltools.gnu-tools-for-stm32.13.3.rel1.win32_1.0.100.202509120712/tools/bin/../lib/gcc/arm-none-eabi/13.3.1/../../../../arm-none-eabi/lib/thumb/v7e-m+fp/hard\libc_nano.a(libc_a-findfp.o)
 .debug_frame   0x00004904       0x20 C:/ST/STM32CubeIDE_2.0.0/STM32CubeIDE/plugins/com.st.stm32cube.ide.mcu.externaltools.gnu-tools-for-stm32.13.3.rel1.win32_1.0.100.202509120712/tools/bin/../lib/gcc/arm-none-eabi/13.3.1/../../../../arm-none-eabi/lib/thumb/v7e-m+fp/hard\libc_nano.a(libc_a-memset.o)
 .debug_frame   0x00004924       0x20 C:/ST/STM32CubeIDE_2.0.0/STM32CubeIDE/plugins/com.st.stm32cube.ide.mcu.externaltools.gnu-tools-for-stm32.13.3.rel1.win32_1.0.100.202509120712/tools/bin/../lib/gcc/arm-none-eabi/13.3.1/../../../../arm-none-eabi/lib/thumb/v7e-m+fp/hard\libc_nano.a(libc_a-errno.o)
 .debug_frame   0x00004944       0x2c C:/ST/STM32CubeIDE_2.0.0/STM32CubeIDE/plugins/com.st.stm32cube.ide.mcu.externaltools.gnu-tools-for-stm32.13.3.rel1.win32_1.0.100.202509120712/tools/bin/../lib/gcc/arm-none-eabi/13.3.1/../../../../arm-none-eabi/lib/thumb/v7e-m+fp/hard\libc_nano.a(libc_a-init.o)
 .debug_frame   0x00004970       0x28 C:/ST/STM32CubeIDE_2.0.0/STM32CubeIDE/plugins/com.st.stm32cube.ide.mcu.externaltools.gnu-tools-for-stm32.13.3.rel1.win32_1.0.100.202509120712/tools/bin/../lib/gcc/arm-none-eabi/13.3.1/../../../../arm-none-eabi/lib/thumb/v7e-m+fp/hard\libc_nano.a(libc_a-memcpy-stub.o)
 .debug_frame   0x00004998       0x20 C:/ST/STM32CubeIDE_2.0.0/STM32CubeIDE/plugins/com.st.stm32cube.ide.mcu.externaltools.gnu-tools-for-stm32.13.3.rel1.win32_1.0.100.202509120712/tools/bin/../lib/gcc/arm-none-eabi/13.3.1/../../../../arm-none-eabi/lib/thumb/v7e-m+fp/hard\libm.a(libm_a-wf_atan2.o)
 .debug_frame   0x000049b8       0x38 C:/ST/STM32CubeIDE_2.0.0/STM32CubeIDE/plugins/com.st.stm32cube.ide.mcu.externaltools.gnu-tools-for-stm32.13.3.rel1.win32_1.0.100.202509120712/tools/bin/../lib/gcc/arm-none-eabi/13.3.1/../../../../arm-none-eabi/lib/thumb/v7e-m+fp/hard\libm.a(libm_a-wf_sqrt.o)
 .debug_frame   0x000049f0       0x3c C:/ST/STM32CubeIDE_2.0.0/STM32CubeIDE/plugins/com.st.stm32cube.ide.mcu.externaltools.gnu-tools-for-stm32.13.3.rel1.win32_1.0.100.202509120712/tools/bin/../lib/gcc/arm-none-eabi/13.3.1/../../../../arm-none-eabi/lib/thumb/v7e-m+fp/hard\libm.a(libm_a-sf_fmax.o)
 .debug_frame   0x00004a2c       0x3c C:/ST/STM32CubeIDE_2.0.0/STM32CubeIDE/plugins/com.st.stm32cube.ide.mcu.externaltools.gnu-tools-for-stm32.13.3.rel1.win32_1.0.100.202509120712/tools/bin/../lib/gcc/arm-none-eabi/13.3.1/../../../../arm-none-eabi/lib/thumb/v7e-m+fp/hard\libm.a(libm_a-sf_fmin.o)
 .debug_frame   0x00004a68       0x20 C:/ST/STM32CubeIDE_2.0.0/STM32CubeIDE/plugins/com.st.stm32cube.ide.mcu.externaltools.gnu-tools-for-stm32.13.3.rel1.win32_1.0.100.202509120712/tools/bin/../lib/gcc/arm-none-eabi/13.3.1/../../../../arm-none-eabi/lib/thumb/v7e-m+fp/hard\libm.a(libm_a-sf_fpclassify.o)
 .debug_frame   0x00004a88       0x20 C:/ST/STM32CubeIDE_2.0.0/STM32CubeIDE/plugins/com.st.stm32cube.ide.mcu.externaltools.gnu-tools-for-stm32.13.3.rel1.win32_1.0.100.202509120712/tools/bin/../lib/gcc/arm-none-eabi/13.3.1/../../../../arm-none-eabi/lib/thumb/v7e-m+fp/hard\libm.a(libm_a-ef_sqrt.o)
 .debug_frame   0x00004aa8       0x30 C:/ST/STM32CubeIDE_2.0.0/STM32CubeIDE/plugins/com.st.stm32cube.ide.mcu.externaltools.gnu-tools-for-stm32.13.3.rel1.win32_1.0.100.202509120712/tools/bin/../lib/gcc/arm-none-eabi/13.3.1/../../../../arm-none-eabi/lib/thumb/v7e-m+fp/hard\libm.a(libm_a-ef_atan2.o)
 .debug_frame   0x00004ad8       0x2c C:/ST/STM32CubeIDE_2.0.0/STM32CubeIDE/plugins/com.st.stm32cube.ide.mcu.externaltools.gnu-tools-for-stm32.13.3.rel1.win32_1.0.100.202509120712/tools/bin/../lib/gcc/arm-none-eabi/13.3.1/../../../../arm-none-eabi/lib/thumb/v7e-m+fp/hard\libm.a(libm_a-sf_atan.o)
 .debug_frame   0x00004b04       0x20 C:/ST/STM32CubeIDE_2.0.0/STM32CubeIDE/plugins/com.st.stm32cube.ide.mcu.externaltools.gnu-tools-for-stm32.13.3.rel1.win32_1.0.100.202509120712/tools/bin/../lib/gcc/arm-none-eabi/13.3.1/../../../../arm-none-eabi/lib/thumb/v7e-m+fp/hard\libm.a(libm_a-sf_fabs.o)
 .debug_frame   0x00004b24       0xac C:/ST/STM32CubeIDE_2.0.0/STM32CubeIDE/plugins/com.st.stm32cube.ide.mcu.externaltools.gnu-tools-for-stm32.13.3.rel1.win32_1.0.100.202509120712/tools/bin/../lib/gcc/arm-none-eabi/13.3.1/thumb/v7e-m+fp/hard\libgcc.a(_arm_addsubdf3.o)
 .debug_frame   0x00004bd0       0x50 C:/ST/STM32CubeIDE_2.0.0/STM32CubeIDE/plugins/com.st.stm32cube.ide.mcu.externaltools.gnu-tools-for-stm32.13.3.rel1.win32_1.0.100.202509120712/tools/bin/../lib/gcc/arm-none-eabi/13.3.1/thumb/v7e-m+fp/hard\libgcc.a(_arm_muldivdf3.o)
 .debug_frame   0x00004c20       0x24 C:/ST/STM32CubeIDE_2.0.0/STM32CubeIDE/plugins/com.st.stm32cube.ide.mcu.externaltools.gnu-tools-for-stm32.13.3.rel1.win32_1.0.100.202509120712/tools/bin/../lib/gcc/arm-none-eabi/13.3.1/thumb/v7e-m+fp/hard\libgcc.a(_arm_truncdfsf2.o)
 .debug_frame   0x00004c44       0x2c C:/ST/STM32CubeIDE_2.0.0/STM32CubeIDE/plugins/com.st.stm32cube.ide.mcu.externaltools.gnu-tools-for-stm32.13.3.rel1.win32_1.0.100.202509120712/tools/bin/../lib/gcc/arm-none-eabi/13.3.1/thumb/v7e-m+fp/hard\libgcc.a(_aeabi_uldivmod.o)
 .debug_frame   0x00004c70       0x34 C:/ST/STM32CubeIDE_2.0.0/STM32CubeIDE/plugins/com.st.stm32cube.ide.mcu.externaltools.gnu-tools-for-stm32.13.3.rel1.win32_1.0.100.202509120712/tools/bin/../lib/gcc/arm-none-eabi/13.3.1/thumb/v7e-m+fp/hard\libgcc.a(_udivmoddi4.o)

.debug_line_str
                0x00000000       0x49
 .debug_line_str
                0x00000000       0x49 ./Core/Startup/startup_stm32f446retx.o
